Archive member included to satisfy reference by file (symbol)

/home/crepel/Documents/EPFL/bluetooth_stuff/Link_layer_security/firmware_project/bin/targets/my_blinky_nordic/app/@apache-mynewt-core/hw/bsp/nordic_pca10056/@apache-mynewt-core_hw_bsp_nordic_pca10056.a(gcc_startup_nrf52840.o)
                              (Reset_Handler)
/home/crepel/Documents/EPFL/bluetooth_stuff/Link_layer_security/firmware_project/bin/targets/my_blinky_nordic/app/@apache-mynewt-core/hw/bsp/nordic_pca10056/@apache-mynewt-core_hw_bsp_nordic_pca10056.a(sbrk.o)
                              /home/crepel/Documents/EPFL/bluetooth_stuff/Link_layer_security/firmware_project/bin/targets/my_blinky_nordic/app/@apache-mynewt-core/hw/bsp/nordic_pca10056/@apache-mynewt-core_hw_bsp_nordic_pca10056.a(gcc_startup_nrf52840.o) (_sbrkInit)
/home/crepel/Documents/EPFL/bluetooth_stuff/Link_layer_security/firmware_project/bin/targets/my_blinky_nordic/app/@apache-mynewt-core/hw/mcu/nordic/nrf52xxx/@apache-mynewt-core_hw_mcu_nordic_nrf52xxx.a(hal_system.o)
                              /home/crepel/Documents/EPFL/bluetooth_stuff/Link_layer_security/firmware_project/bin/targets/my_blinky_nordic/app/@apache-mynewt-core/hw/bsp/nordic_pca10056/@apache-mynewt-core_hw_bsp_nordic_pca10056.a(gcc_startup_nrf52840.o) (hal_system_init)
/home/crepel/Documents/EPFL/bluetooth_stuff/Link_layer_security/firmware_project/bin/targets/my_blinky_nordic/app/@apache-mynewt-core/hw/mcu/nordic/nrf52xxx/@apache-mynewt-core_hw_mcu_nordic_nrf52xxx.a(system_nrf52.o)
                              /home/crepel/Documents/EPFL/bluetooth_stuff/Link_layer_security/firmware_project/bin/targets/my_blinky_nordic/app/@apache-mynewt-core/hw/bsp/nordic_pca10056/@apache-mynewt-core_hw_bsp_nordic_pca10056.a(gcc_startup_nrf52840.o) (SystemInit)
/home/crepel/Documents/EPFL/bluetooth_stuff/Link_layer_security/firmware_project/bin/targets/my_blinky_nordic/app/@apache-mynewt-core/libc/baselibc/@apache-mynewt-core_libc_baselibc.a(start.o)
                              /home/crepel/Documents/EPFL/bluetooth_stuff/Link_layer_security/firmware_project/bin/targets/my_blinky_nordic/app/@apache-mynewt-core/hw/bsp/nordic_pca10056/@apache-mynewt-core_hw_bsp_nordic_pca10056.a(gcc_startup_nrf52840.o) (_start)
/home/crepel/Documents/EPFL/bluetooth_stuff/Link_layer_security/firmware_project/bin/targets/my_blinky_nordic/app/apps/blinky/apps_blinky.a(main.o)
                              /home/crepel/Documents/EPFL/bluetooth_stuff/Link_layer_security/firmware_project/bin/targets/my_blinky_nordic/app/@apache-mynewt-core/libc/baselibc/@apache-mynewt-core_libc_baselibc.a(start.o) (main)
/home/crepel/Documents/EPFL/bluetooth_stuff/Link_layer_security/firmware_project/bin/targets/my_blinky_nordic/generated/bin/my_blinky_nordic-sysinit-app.a(my_blinky_nordic-sysinit-app.o)
                              /home/crepel/Documents/EPFL/bluetooth_stuff/Link_layer_security/firmware_project/bin/targets/my_blinky_nordic/app/apps/blinky/apps_blinky.a(main.o) (sysinit_app)
/home/crepel/Documents/EPFL/bluetooth_stuff/Link_layer_security/firmware_project/bin/targets/my_blinky_nordic/app/@apache-mynewt-core/hw/cmsis-core/@apache-mynewt-core_hw_cmsis-core.a(cmsis_nvic.o)
                              /home/crepel/Documents/EPFL/bluetooth_stuff/Link_layer_security/firmware_project/bin/targets/my_blinky_nordic/app/@apache-mynewt-core/hw/mcu/nordic/nrf52xxx/@apache-mynewt-core_hw_mcu_nordic_nrf52xxx.a(system_nrf52.o) (NVIC_Relocate)
/home/crepel/Documents/EPFL/bluetooth_stuff/Link_layer_security/firmware_project/bin/targets/my_blinky_nordic/app/@apache-mynewt-core/hw/mcu/nordic/nrf52xxx/@apache-mynewt-core_hw_mcu_nordic_nrf52xxx.a(hal_gpio.o)
                              /home/crepel/Documents/EPFL/bluetooth_stuff/Link_layer_security/firmware_project/bin/targets/my_blinky_nordic/app/apps/blinky/apps_blinky.a(main.o) (hal_gpio_init_out)
/home/crepel/Documents/EPFL/bluetooth_stuff/Link_layer_security/firmware_project/bin/targets/my_blinky_nordic/app/@apache-mynewt-core/kernel/os/@apache-mynewt-core_kernel_os.a(os.o)
                              /home/crepel/Documents/EPFL/bluetooth_stuff/Link_layer_security/firmware_project/bin/targets/my_blinky_nordic/app/@apache-mynewt-core/libc/baselibc/@apache-mynewt-core_libc_baselibc.a(start.o) (os_init)
/home/crepel/Documents/EPFL/bluetooth_stuff/Link_layer_security/firmware_project/bin/targets/my_blinky_nordic/app/@apache-mynewt-core/kernel/os/@apache-mynewt-core_kernel_os.a(os_callout.o)
                              /home/crepel/Documents/EPFL/bluetooth_stuff/Link_layer_security/firmware_project/bin/targets/my_blinky_nordic/app/@apache-mynewt-core/kernel/os/@apache-mynewt-core_kernel_os.a(os.o) (g_callout_list)
/home/crepel/Documents/EPFL/bluetooth_stuff/Link_layer_security/firmware_project/bin/targets/my_blinky_nordic/app/@apache-mynewt-core/kernel/os/@apache-mynewt-core_kernel_os.a(os_dev.o)
[...]
Memory Configuration

Name             Origin             Length             Attributes
FLASH            0x000000000000c000 0x0000000000076000 xr
RAM              0x0000000020000000 0x0000000000040000 xrw
*default*        0x0000000000000000 0xffffffffffffffff

Linker script and memory map

START GROUP
LOAD /home/crepel/Documents/EPFL/bluetooth_stuff/Link_layer_security/firmware_project/bin/targets/my_blinky_nordic/app/@apache-mynewt-core/hw/bsp/nordic_pca10056/@apache-mynewt-core_hw_bsp_nordic_pca10056.a
LOAD /home/crepel/Documents/EPFL/bluetooth_stuff/Link_layer_security/firmware_project/bin/targets/my_blinky_nordic/app/@apache-mynewt-core/hw/cmsis-core/@apache-mynewt-core_hw_cmsis-core.a
LOAD /home/crepel/Documents/EPFL/bluetooth_stuff/Link_layer_security/firmware_project/bin/targets/my_blinky_nordic/app/@apache-mynewt-core/hw/drivers/uart/@apache-mynewt-core_hw_drivers_uart.a
LOAD /home/crepel/Documents/EPFL/bluetooth_stuff/Link_layer_security/firmware_project/bin/targets/my_blinky_nordic/app/@apache-mynewt-core/hw/drivers/uart/uart_hal/@apache-mynewt-core_hw_drivers_uart_uart_hal.a
LOAD /home/crepel/Documents/EPFL/bluetooth_stuff/Link_layer_security/firmware_project/bin/targets/my_blinky_nordic/app/@apache-mynewt-core/hw/hal/@apache-mynewt-core_hw_hal.a
LOAD /home/crepel/Documents/EPFL/bluetooth_stuff/Link_layer_security/firmware_project/bin/targets/my_blinky_nordic/app/@apache-mynewt-core/hw/mcu/nordic/@apache-mynewt-core_hw_mcu_nordic.a
LOAD /home/crepel/Documents/EPFL/bluetooth_stuff/Link_layer_security/firmware_project/bin/targets/my_blinky_nordic/app/@apache-mynewt-core/hw/mcu/nordic/nrf52xxx/@apache-mynewt-core_hw_mcu_nordic_nrf52xxx.a
LOAD /home/crepel/Documents/EPFL/bluetooth_stuff/Link_layer_security/firmware_project/bin/targets/my_blinky_nordic/app/@apache-mynewt-core/kernel/os/@apache-mynewt-core_kernel_os.a
LOAD /home/crepel/Documents/EPFL/bluetooth_stuff/Link_layer_security/firmware_project/bin/targets/my_blinky_nordic/app/@apache-mynewt-core/libc/baselibc/@apache-mynewt-core_libc_baselibc.a
LOAD /home/crepel/Documents/EPFL/bluetooth_stuff/Link_layer_security/firmware_project/bin/targets/my_blinky_nordic/app/@apache-mynewt-core/sys/flash_map/@apache-mynewt-core_sys_flash_map.a
LOAD /home/crepel/Documents/EPFL/bluetooth_stuff/Link_layer_security/firmware_project/bin/targets/my_blinky_nordic/app/@apache-mynewt-core/sys/log/modlog/@apache-mynewt-core_sys_log_modlog.a
LOAD /home/crepel/Documents/EPFL/bluetooth_stuff/Link_layer_security/firmware_project/bin/targets/my_blinky_nordic/app/@apache-mynewt-core/sys/log/stub/@apache-mynewt-core_sys_log_stub.a
LOAD /home/crepel/Documents/EPFL/bluetooth_stuff/Link_layer_security/firmware_project/bin/targets/my_blinky_nordic/app/@apache-mynewt-core/sys/mfg/@apache-mynewt-core_sys_mfg.a
LOAD /home/crepel/Documents/EPFL/bluetooth_stuff/Link_layer_security/firmware_project/bin/targets/my_blinky_nordic/app/@apache-mynewt-core/sys/sysdown/@apache-mynewt-core_sys_sysdown.a
LOAD /home/crepel/Documents/EPFL/bluetooth_stuff/Link_layer_security/firmware_project/bin/targets/my_blinky_nordic/app/@apache-mynewt-core/sys/sysinit/@apache-mynewt-core_sys_sysinit.a
LOAD /home/crepel/Documents/EPFL/bluetooth_stuff/Link_layer_security/firmware_project/bin/targets/my_blinky_nordic/app/@apache-mynewt-core/util/mem/@apache-mynewt-core_util_mem.a
LOAD /home/crepel/Documents/EPFL/bluetooth_stuff/Link_layer_security/firmware_project/bin/targets/my_blinky_nordic/app/@apache-mynewt-core/util/rwlock/@apache-mynewt-core_util_rwlock.a
LOAD /home/crepel/Documents/EPFL/bluetooth_stuff/Link_layer_security/firmware_project/bin/targets/my_blinky_nordic/app/apps/blinky/apps_blinky.a
LOAD /home/crepel/Documents/EPFL/bluetooth_stuff/Link_layer_security/firmware_project/bin/targets/my_blinky_nordic/generated/bin/my_blinky_nordic-sysinit-app.a
END GROUP
LOAD /usr/bin/../lib/gcc/arm-none-eabi/7.3.1/thumb/v7e-m/libgcc.a
START GROUP
LOAD /usr/bin/../lib/gcc/arm-none-eabi/7.3.1/thumb/v7e-m/libgcc.a
LOAD /usr/bin/../lib/gcc/arm-none-eabi/7.3.1/../../../../arm-none-eabi/lib/thumb/v7e-m/libg.a
LOAD /usr/bin/../lib/gcc/arm-none-eabi/7.3.1/../../../../arm-none-eabi/lib/thumb/v7e-m/libc.a
END GROUP
START GROUP
LOAD /usr/bin/../lib/gcc/arm-none-eabi/7.3.1/thumb/v7e-m/libgcc.a
LOAD /usr/bin/../lib/gcc/arm-none-eabi/7.3.1/../../../../arm-none-eabi/lib/thumb/v7e-m/libc.a
LOAD /usr/bin/../lib/gcc/arm-none-eabi/7.3.1/../../../../arm-none-eabi/lib/thumb/v7e-m/libnosys.a
END GROUP
                0x0000000000000020                _imghdr_size = 0x20

.imghdr         0x000000000000c000       0x20
                0x000000000000c020                . = (. + _imghdr_size)
 *fill*         0x000000000000c000       0x20 
                0x000000000000c020                __text = .

.text           0x000000000000c020     0x2c84
                0x000000000000c020                __isr_vector_start = .
 *(.isr_vector)
 .isr_vector    0x000000000000c020      0x100 /home/crepel/Documents/EPFL/bluetooth_stuff/Link_layer_security/firmware_project/bin/targets/my_blinky_nordic/app/@apache-mynewt-core/hw/bsp/nordic_pca10056/@apache-mynewt-core_hw_bsp_nordic_pca10056.a(gcc_startup_nrf52840.o)
                0x000000000000c020                __isr_vector
                0x000000000000c120                __isr_vector_end = .
 *(.text*)
 .text          0x000000000000c120       0x70 /home/crepel/Documents/EPFL/bluetooth_stuff/Link_layer_security/firmware_project/bin/targets/my_blinky_nordic/app/@apache-mynewt-core/hw/bsp/nordic_pca10056/@apache-mynewt-core_hw_bsp_nordic_pca10056.a(gcc_startup_nrf52840.o)
                0x000000000000c120                Reset_Handler
                0x000000000000c17c                NMI_Handler
                0x000000000000c17e                HardFault_Handler
                0x000000000000c180                MemoryManagement_Handler
                0x000000000000c182                BusFault_Handler
                0x000000000000c184                UsageFault_Handler
                0x000000000000c188                DebugMon_Handler
                0x000000000000c18e                TIMER2_IRQHandler
                0x000000000000c18e                RTC0_IRQHandler
                0x000000000000c18e                SWI0_EGU0_IRQHandler
                0x000000000000c18e                SWI2_EGU2_IRQHandler
                0x000000000000c18e                GPIOTE_IRQHandler
                0x000000000000c18e                PWM1_IRQHandler
                0x000000000000c18e                POWER_CLOCK_IRQHandler
                0x000000000000c18e                RADIO_IRQHandler
                0x000000000000c18e                PDM_IRQHandler
                0x000000000000c18e                TEMP_IRQHandler
                0x000000000000c18e                QDEC_IRQHandler
                0x000000000000c18e                TIMER3_IRQHandler
                0x000000000000c18e                PWM3_IRQHandler
                0x000000000000c18e                FPU_IRQHandler
                0x000000000000c18e                USBD_IRQHandler
                0x000000000000c18e                SPIM0_SPIS0_TWIM0_TWIS0_SPI0_TWI0_IRQHandler
                0x000000000000c18e                UARTE0_UART0_IRQHandler
                0x000000000000c18e                TIMER4_IRQHandler
                0x000000000000c18e                CRYPTOCELL_IRQHandler
                0x000000000000c18e                I2S_IRQHandler
                0x000000000000c18e                SWI4_EGU4_IRQHandler
                0x000000000000c18e                TIMER0_IRQHandler
                0x000000000000c18e                UARTE1_IRQHandler
                0x000000000000c18e                TIMER1_IRQHandler
                0x000000000000c18e                SPIM3_IRQHandler
                0x000000000000c18e                PWM2_IRQHandler
                0x000000000000c18e                ECB_IRQHandler
                0x000000000000c18e                SPIM1_SPIS1_TWIM1_TWIS1_SPI1_TWI1_IRQHandler
                0x000000000000c18e                Default_Handler
                0x000000000000c18e                SAADC_IRQHandler
                0x000000000000c18e                CCM_AAR_IRQHandler
                0x000000000000c18e                WDT_IRQHandler
                0x000000000000c18e                SWI5_EGU5_IRQHandler
                0x000000000000c18e                RNG_IRQHandler
                0x000000000000c18e                RTC2_IRQHandler
                0x000000000000c18e                PWM0_IRQHandler
                0x000000000000c18e                SWI3_EGU3_IRQHandler
                0x000000000000c18e                RTC1_IRQHandler
                0x000000000000c18e                SWI1_EGU1_IRQHandler
                0x000000000000c18e                SPIM2_SPIS2_SPI2_IRQHandler
                0x000000000000c18e                NFCT_IRQHandler
                0x000000000000c18e                MWU_IRQHandler
                0x000000000000c18e                QSPI_IRQHandler
                0x000000000000c18e                COMP_LPCOMP_IRQHandler
 .text._sbrkInit
                0x000000000000c190       0x10 /home/crepel/Documents/EPFL/bluetooth_stuff/Link_layer_security/firmware_project/bin/targets/my_blinky_nordic/app/@apache-mynewt-core/hw/bsp/nordic_pca10056/@apache-mynewt-core_hw_bsp_nordic_pca10056.a(sbrk.o)
                0x000000000000c190                _sbrkInit
 .text.hal_system_init
                0x000000000000c1a0        0xc /home/crepel/Documents/EPFL/bluetooth_stuff/Link_layer_security/firmware_project/bin/targets/my_blinky_nordic/app/@apache-mynewt-core/hw/mcu/nordic/nrf52xxx/@apache-mynewt-core_hw_mcu_nordic_nrf52xxx.a(hal_system.o)
                0x000000000000c1a0                hal_system_init
 .text.hal_debugger_connected
                0x000000000000c1ac       0x10 /home/crepel/Documents/EPFL/bluetooth_stuff/Link_layer_security/firmware_project/bin/targets/my_blinky_nordic/app/@apache-mynewt-core/hw/mcu/nordic/nrf52xxx/@apache-mynewt-core_hw_mcu_nordic_nrf52xxx.a(hal_system.o)
                0x000000000000c1ac                hal_debugger_connected
 .text.hal_system_reset
                0x000000000000c1bc       0x2c /home/crepel/Documents/EPFL/bluetooth_stuff/Link_layer_security/firmware_project/bin/targets/my_blinky_nordic/app/@apache-mynewt-core/hw/mcu/nordic/nrf52xxx/@apache-mynewt-core_hw_mcu_nordic_nrf52xxx.a(hal_system.o)
                0x000000000000c1bc                hal_system_reset
 .text.hal_system_clock_start
                0x000000000000c1e8       0x4c /home/crepel/Documents/EPFL/bluetooth_stuff/Link_layer_security/firmware_project/bin/targets/my_blinky_nordic/app/@apache-mynewt-core/hw/mcu/nordic/nrf52xxx/@apache-mynewt-core_hw_mcu_nordic_nrf52xxx.a(hal_system.o)
                0x000000000000c1e8                hal_system_clock_start
 .text.errata_36
                0x000000000000c234       0x24 /home/crepel/Documents/EPFL/bluetooth_stuff/Link_layer_security/firmware_project/bin/targets/my_blinky_nordic/app/@apache-mynewt-core/hw/mcu/nordic/nrf52xxx/@apache-mynewt-core_hw_mcu_nordic_nrf52xxx.a(system_nrf52.o)
 .text.errata_98
                0x000000000000c258       0x24 /home/crepel/Documents/EPFL/bluetooth_stuff/Link_layer_security/firmware_project/bin/targets/my_blinky_nordic/app/@apache-mynewt-core/hw/mcu/nordic/nrf52xxx/@apache-mynewt-core_hw_mcu_nordic_nrf52xxx.a(system_nrf52.o)
 .text.errata_103
                0x000000000000c27c       0x24 /home/crepel/Documents/EPFL/bluetooth_stuff/Link_layer_security/firmware_project/bin/targets/my_blinky_nordic/app/@apache-mynewt-core/hw/mcu/nordic/nrf52xxx/@apache-mynewt-core_hw_mcu_nordic_nrf52xxx.a(system_nrf52.o)
 .text.errata_115
                0x000000000000c2a0       0x24 /home/crepel/Documents/EPFL/bluetooth_stuff/Link_layer_security/firmware_project/bin/targets/my_blinky_nordic/app/@apache-mynewt-core/hw/mcu/nordic/nrf52xxx/@apache-mynewt-core_hw_mcu_nordic_nrf52xxx.a(system_nrf52.o)
 .text.errata_120
                0x000000000000c2c4       0x24 /home/crepel/Documents/EPFL/bluetooth_stuff/Link_layer_security/firmware_project/bin/targets/my_blinky_nordic/app/@apache-mynewt-core/hw/mcu/nordic/nrf52xxx/@apache-mynewt-core_hw_mcu_nordic_nrf52xxx.a(system_nrf52.o)
 .text.errata_121
                0x000000000000c2e8       0x24 /home/crepel/Documents/EPFL/bluetooth_stuff/Link_layer_security/firmware_project/bin/targets/my_blinky_nordic/app/@apache-mynewt-core/hw/mcu/nordic/nrf52xxx/@apache-mynewt-core_hw_mcu_nordic_nrf52xxx.a(system_nrf52.o)
 .text.SystemCoreClockUpdate
                0x000000000000c30c       0x10 /home/crepel/Documents/EPFL/bluetooth_stuff/Link_layer_security/firmware_project/bin/targets/my_blinky_nordic/app/@apache-mynewt-core/hw/mcu/nordic/nrf52xxx/@apache-mynewt-core_hw_mcu_nordic_nrf52xxx.a(system_nrf52.o)
                0x000000000000c30c                SystemCoreClockUpdate
 .text.SystemInit
                0x000000000000c31c      0x104 /home/crepel/Documents/EPFL/bluetooth_stuff/Link_layer_security/firmware_project/bin/targets/my_blinky_nordic/app/@apache-mynewt-core/hw/mcu/nordic/nrf52xxx/@apache-mynewt-core_hw_mcu_nordic_nrf52xxx.a(system_nrf52.o)
                0x000000000000c31c                SystemInit
 .text._start   0x000000000000c420       0x14 /home/crepel/Documents/EPFL/bluetooth_stuff/Link_layer_security/firmware_project/bin/targets/my_blinky_nordic/app/@apache-mynewt-core/libc/baselibc/@apache-mynewt-core_libc_baselibc.a(start.o)
                0x000000000000c420                _start
 .text._init    0x000000000000c434        0x2 /home/crepel/Documents/EPFL/bluetooth_stuff/Link_layer_security/firmware_project/bin/targets/my_blinky_nordic/app/@apache-mynewt-core/libc/baselibc/@apache-mynewt-core_libc_baselibc.a(start.o)
                0x000000000000c434                _init
 *fill*         0x000000000000c436        0x2 
 .text.main     0x000000000000c438       0x54 /home/crepel/Documents/EPFL/bluetooth_stuff/Link_layer_security/firmware_project/bin/targets/my_blinky_nordic/app/apps/blinky/apps_blinky.a(main.o)
                0x000000000000c438                main
 .text.sysinit_app
                0x000000000000c48c       0x14 /home/crepel/Documents/EPFL/bluetooth_stuff/Link_layer_security/firmware_project/bin/targets/my_blinky_nordic/generated/bin/my_blinky_nordic-sysinit-app.a(my_blinky_nordic-sysinit-app.o)
                0x000000000000c48c                sysinit_app
 .text.NVIC_Relocate
                0x000000000000c4a0       0x34 /home/crepel/Documents/EPFL/bluetooth_stuff/Link_layer_security/firmware_project/bin/targets/my_blinky_nordic/app/@apache-mynewt-core/hw/cmsis-core/@apache-mynewt-core_hw_cmsis-core.a(cmsis_nvic.o)
                0x000000000000c4a0                NVIC_Relocate
 .text.hal_gpio_init_out
                0x000000000000c4d4       0x44 /home/crepel/Documents/EPFL/bluetooth_stuff/Link_layer_security/firmware_project/bin/targets/my_blinky_nordic/app/@apache-mynewt-core/hw/mcu/nordic/nrf52xxx/@apache-mynewt-core_hw_mcu_nordic_nrf52xxx.a(hal_gpio.o)
                0x000000000000c4d4                hal_gpio_init_out
 .text.hal_gpio_write
                0x000000000000c518       0x34 /home/crepel/Documents/EPFL/bluetooth_stuff/Link_layer_security/firmware_project/bin/targets/my_blinky_nordic/app/@apache-mynewt-core/hw/mcu/nordic/nrf52xxx/@apache-mynewt-core_hw_mcu_nordic_nrf52xxx.a(hal_gpio.o)
                0x000000000000c518                hal_gpio_write
 .text.hal_gpio_read
                0x000000000000c54c       0x3c /home/crepel/Documents/EPFL/bluetooth_stuff/Link_layer_security/firmware_project/bin/targets/my_blinky_nordic/app/@apache-mynewt-core/hw/mcu/nordic/nrf52xxx/@apache-mynewt-core_hw_mcu_nordic_nrf52xxx.a(hal_gpio.o)
                0x000000000000c54c                hal_gpio_read
 .text.hal_gpio_toggle
                0x000000000000c588       0x1a /home/crepel/Documents/EPFL/bluetooth_stuff/Link_layer_security/firmware_project/bin/targets/my_blinky_nordic/app/@apache-mynewt-core/hw/mcu/nordic/nrf52xxx/@apache-mynewt-core_hw_mcu_nordic_nrf52xxx.a(hal_gpio.o)
                0x000000000000c588                hal_gpio_toggle
 *fill*         0x000000000000c5a2        0x2 
 .text.os_idle_task
                0x000000000000c5a4       0x84 /home/crepel/Documents/EPFL/bluetooth_stuff/Link_layer_security/firmware_project/bin/targets/my_blinky_nordic/app/@apache-mynewt-core/kernel/os/@apache-mynewt-core_kernel_os.a(os.o)
                0x000000000000c5a4                os_idle_task
 .text.os_main  0x000000000000c628       0x1e /home/crepel/Documents/EPFL/bluetooth_stuff/Link_layer_security/firmware_project/bin/targets/my_blinky_nordic/app/@apache-mynewt-core/kernel/os/@apache-mynewt-core_kernel_os.a(os.o)
 *fill*         0x000000000000c646        0x2 
 .text.os_started
                0x000000000000c648        0xc /home/crepel/Documents/EPFL/bluetooth_stuff/Link_layer_security/firmware_project/bin/targets/my_blinky_nordic/app/@apache-mynewt-core/kernel/os/@apache-mynewt-core_kernel_os.a(os.o)
                0x000000000000c648                os_started
 .text.os_init_idle_task
                0x000000000000c654       0x88 /home/crepel/Documents/EPFL/bluetooth_stuff/Link_layer_security/firmware_project/bin/targets/my_blinky_nordic/app/@apache-mynewt-core/kernel/os/@apache-mynewt-core_kernel_os.a(os.o)
                0x000000000000c654                os_init_idle_task
 .text.os_init  0x000000000000c6dc       0xd0 /home/crepel/Documents/EPFL/bluetooth_stuff/Link_layer_security/firmware_project/bin/targets/my_blinky_nordic/app/@apache-mynewt-core/kernel/os/@apache-mynewt-core_kernel_os.a(os.o)
                0x000000000000c6dc                os_init
 .text.os_start
                0x000000000000c7ac       0x22 /home/crepel/Documents/EPFL/bluetooth_stuff/Link_layer_security/firmware_project/bin/targets/my_blinky_nordic/app/@apache-mynewt-core/kernel/os/@apache-mynewt-core_kernel_os.a(os.o)
                0x000000000000c7ac                os_start
 *fill*         0x000000000000c7ce        0x2 
 .text.os_pkg_init
                0x000000000000c7d0       0x48 /home/crepel/Documents/EPFL/bluetooth_stuff/Link_layer_security/firmware_project/bin/targets/my_blinky_nordic/app/@apache-mynewt-core/kernel/os/@apache-mynewt-core_kernel_os.a(os.o)
                0x000000000000c7d0                os_pkg_init
 .text.os_callout_tick
                0x000000000000c818       0x5c /home/crepel/Documents/EPFL/bluetooth_stuff/Link_layer_security/firmware_project/bin/targets/my_blinky_nordic/app/@apache-mynewt-core/kernel/os/@apache-mynewt-core_kernel_os.a(os_callout.o)
                0x000000000000c818                os_callout_tick
 .text.os_callout_wakeup_ticks
                0x000000000000c874       0x3c /home/crepel/Documents/EPFL/bluetooth_stuff/Link_layer_security/firmware_project/bin/targets/my_blinky_nordic/app/@apache-mynewt-core/kernel/os/@apache-mynewt-core_kernel_os.a(os_callout.o)
                0x000000000000c874                os_callout_wakeup_ticks
 .text.os_dev_add
                0x000000000000c8b0       0x5c /home/crepel/Documents/EPFL/bluetooth_stuff/Link_layer_security/firmware_project/bin/targets/my_blinky_nordic/app/@apache-mynewt-core/kernel/os/@apache-mynewt-core_kernel_os.a(os_dev.o)
 .text.os_dev_initialize
                0x000000000000c90c       0x26 /home/crepel/Documents/EPFL/bluetooth_stuff/Link_layer_security/firmware_project/bin/targets/my_blinky_nordic/app/@apache-mynewt-core/kernel/os/@apache-mynewt-core_kernel_os.a(os_dev.o)
 .text.os_dev_init
                0x000000000000c932       0x20 /home/crepel/Documents/EPFL/bluetooth_stuff/Link_layer_security/firmware_project/bin/targets/my_blinky_nordic/app/@apache-mynewt-core/kernel/os/@apache-mynewt-core_kernel_os.a(os_dev.o)
 *fill*         0x000000000000c952        0x2 
 .text.os_dev_create
                0x000000000000c954       0x40 /home/crepel/Documents/EPFL/bluetooth_stuff/Link_layer_security/firmware_project/bin/targets/my_blinky_nordic/app/@apache-mynewt-core/kernel/os/@apache-mynewt-core_kernel_os.a(os_dev.o)
                0x000000000000c954                os_dev_create
 .text.os_dev_initialize_all
                0x000000000000c994       0x2c /home/crepel/Documents/EPFL/bluetooth_stuff/Link_layer_security/firmware_project/bin/targets/my_blinky_nordic/app/@apache-mynewt-core/kernel/os/@apache-mynewt-core_kernel_os.a(os_dev.o)
                0x000000000000c994                os_dev_initialize_all
 .text.os_dev_reset
                0x000000000000c9c0       0x10 /home/crepel/Documents/EPFL/bluetooth_stuff/Link_layer_security/firmware_project/bin/targets/my_blinky_nordic/app/@apache-mynewt-core/kernel/os/@apache-mynewt-core_kernel_os.a(os_dev.o)
                0x000000000000c9c0                os_dev_reset
 .text.os_eventq_init
                0x000000000000c9d0       0x10 /home/crepel/Documents/EPFL/bluetooth_stuff/Link_layer_security/firmware_project/bin/targets/my_blinky_nordic/app/@apache-mynewt-core/kernel/os/@apache-mynewt-core_kernel_os.a(os_eventq.o)
                0x000000000000c9d0                os_eventq_init
 .text.os_eventq_inited
                0x000000000000c9e0        0xa /home/crepel/Documents/EPFL/bluetooth_stuff/Link_layer_security/firmware_project/bin/targets/my_blinky_nordic/app/@apache-mynewt-core/kernel/os/@apache-mynewt-core_kernel_os.a(os_eventq.o)
                0x000000000000c9e0                os_eventq_inited
 .text.os_eventq_put
                0x000000000000c9ea       0x70 /home/crepel/Documents/EPFL/bluetooth_stuff/Link_layer_security/firmware_project/bin/targets/my_blinky_nordic/app/@apache-mynewt-core/kernel/os/@apache-mynewt-core_kernel_os.a(os_eventq.o)
                0x000000000000c9ea                os_eventq_put
 *fill*         0x000000000000ca5a        0x2 
 .text.os_eventq_dflt_get
                0x000000000000ca5c        0x8 /home/crepel/Documents/EPFL/bluetooth_stuff/Link_layer_security/firmware_project/bin/targets/my_blinky_nordic/app/@apache-mynewt-core/kernel/os/@apache-mynewt-core_kernel_os.a(os_eventq.o)
                0x000000000000ca5c                os_eventq_dflt_get
 .text.os_mempool_init_internal
                0x000000000000ca64       0x78 /home/crepel/Documents/EPFL/bluetooth_stuff/Link_layer_security/firmware_project/bin/targets/my_blinky_nordic/app/@apache-mynewt-core/kernel/os/@apache-mynewt-core_kernel_os.a(os_mempool.o)
 .text.os_mempool_init
                0x000000000000cadc       0x14 /home/crepel/Documents/EPFL/bluetooth_stuff/Link_layer_security/firmware_project/bin/targets/my_blinky_nordic/app/@apache-mynewt-core/kernel/os/@apache-mynewt-core_kernel_os.a(os_mempool.o)
                0x000000000000cadc                os_mempool_init
 .text.os_mempool_module_init
                0x000000000000caf0       0x10 /home/crepel/Documents/EPFL/bluetooth_stuff/Link_layer_security/firmware_project/bin/targets/my_blinky_nordic/app/@apache-mynewt-core/kernel/os/@apache-mynewt-core_kernel_os.a(os_mempool.o)
                0x000000000000caf0                os_mempool_module_init
 .text.os_msys_register
                0x000000000000cb00       0x4c /home/crepel/Documents/EPFL/bluetooth_stuff/Link_layer_security/firmware_project/bin/targets/my_blinky_nordic/app/@apache-mynewt-core/kernel/os/@apache-mynewt-core_kernel_os.a(os_msys.o)
                0x000000000000cb00                os_msys_register
 .text.os_msys_init_once
                0x000000000000cb4c       0x58 /home/crepel/Documents/EPFL/bluetooth_stuff/Link_layer_security/firmware_project/bin/targets/my_blinky_nordic/app/@apache-mynewt-core/kernel/os/@apache-mynewt-core_kernel_os.a(os_msys.o)
 .text.os_msys_reset
                0x000000000000cba4       0x10 /home/crepel/Documents/EPFL/bluetooth_stuff/Link_layer_security/firmware_project/bin/targets/my_blinky_nordic/app/@apache-mynewt-core/kernel/os/@apache-mynewt-core_kernel_os.a(os_msys.o)
                0x000000000000cba4                os_msys_reset
 .text.os_msys_init
                0x000000000000cbb4       0x34 /home/crepel/Documents/EPFL/bluetooth_stuff/Link_layer_security/firmware_project/bin/targets/my_blinky_nordic/app/@apache-mynewt-core/kernel/os/@apache-mynewt-core_kernel_os.a(os_msys.o)
                0x000000000000cbb4                os_msys_init
 .text.os_sanity_check_list_lock
                0x000000000000cbe8       0x20 /home/crepel/Documents/EPFL/bluetooth_stuff/Link_layer_security/firmware_project/bin/targets/my_blinky_nordic/app/@apache-mynewt-core/kernel/os/@apache-mynewt-core_kernel_os.a(os_sanity.o)
 .text.os_sanity_check_list_unlock
                0x000000000000cc08       0x1c /home/crepel/Documents/EPFL/bluetooth_stuff/Link_layer_security/firmware_project/bin/targets/my_blinky_nordic/app/@apache-mynewt-core/kernel/os/@apache-mynewt-core_kernel_os.a(os_sanity.o)
 .text.os_sanity_check_init
                0x000000000000cc24       0x10 /home/crepel/Documents/EPFL/bluetooth_stuff/Link_layer_security/firmware_project/bin/targets/my_blinky_nordic/app/@apache-mynewt-core/kernel/os/@apache-mynewt-core_kernel_os.a(os_sanity.o)
                0x000000000000cc24                os_sanity_check_init
 .text.os_sanity_check_register
                0x000000000000cc34       0x24 /home/crepel/Documents/EPFL/bluetooth_stuff/Link_layer_security/firmware_project/bin/targets/my_blinky_nordic/app/@apache-mynewt-core/kernel/os/@apache-mynewt-core_kernel_os.a(os_sanity.o)
                0x000000000000cc34                os_sanity_check_register
 .text.os_sanity_run
                0x000000000000cc58       0x84 /home/crepel/Documents/EPFL/bluetooth_stuff/Link_layer_security/firmware_project/bin/targets/my_blinky_nordic/app/@apache-mynewt-core/kernel/os/@apache-mynewt-core_kernel_os.a(os_sanity.o)
                0x000000000000cc58                os_sanity_run
 .text.os_sanity_init
                0x000000000000ccdc       0x10 /home/crepel/Documents/EPFL/bluetooth_stuff/Link_layer_security/firmware_project/bin/targets/my_blinky_nordic/app/@apache-mynewt-core/kernel/os/@apache-mynewt-core_kernel_os.a(os_sanity.o)
                0x000000000000ccdc                os_sanity_init
 .text.os_sched_insert
                0x000000000000ccec       0x54 /home/crepel/Documents/EPFL/bluetooth_stuff/Link_layer_security/firmware_project/bin/targets/my_blinky_nordic/app/@apache-mynewt-core/kernel/os/@apache-mynewt-core_kernel_os.a(os_sched.o)
                0x000000000000ccec                os_sched_insert
 .text.os_sched_ctx_sw_hook
                0x000000000000cd40       0x30 /home/crepel/Documents/EPFL/bluetooth_stuff/Link_layer_security/firmware_project/bin/targets/my_blinky_nordic/app/@apache-mynewt-core/kernel/os/@apache-mynewt-core_kernel_os.a(os_sched.o)
                0x000000000000cd40                os_sched_ctx_sw_hook
 .text.os_sched_get_current_task
                0x000000000000cd70        0xc /home/crepel/Documents/EPFL/bluetooth_stuff/Link_layer_security/firmware_project/bin/targets/my_blinky_nordic/app/@apache-mynewt-core/kernel/os/@apache-mynewt-core_kernel_os.a(os_sched.o)
                0x000000000000cd70                os_sched_get_current_task
 .text.os_sched_set_current_task
                0x000000000000cd7c        0xc /home/crepel/Documents/EPFL/bluetooth_stuff/Link_layer_security/firmware_project/bin/targets/my_blinky_nordic/app/@apache-mynewt-core/kernel/os/@apache-mynewt-core_kernel_os.a(os_sched.o)
                0x000000000000cd7c                os_sched_set_current_task
 .text.os_sched_sleep
                0x000000000000cd88       0x90 /home/crepel/Documents/EPFL/bluetooth_stuff/Link_layer_security/firmware_project/bin/targets/my_blinky_nordic/app/@apache-mynewt-core/kernel/os/@apache-mynewt-core_kernel_os.a(os_sched.o)
                0x000000000000cd88                os_sched_sleep
 .text.os_sched_wakeup
                0x000000000000ce18       0x88 /home/crepel/Documents/EPFL/bluetooth_stuff/Link_layer_security/firmware_project/bin/targets/my_blinky_nordic/app/@apache-mynewt-core/kernel/os/@apache-mynewt-core_kernel_os.a(os_sched.o)
                0x000000000000ce18                os_sched_wakeup
 .text.os_sched_os_timer_exp
                0x000000000000cea0       0x3c /home/crepel/Documents/EPFL/bluetooth_stuff/Link_layer_security/firmware_project/bin/targets/my_blinky_nordic/app/@apache-mynewt-core/kernel/os/@apache-mynewt-core_kernel_os.a(os_sched.o)
                0x000000000000cea0                os_sched_os_timer_exp
 .text.os_sched_wakeup_ticks
                0x000000000000cedc       0x48 /home/crepel/Documents/EPFL/bluetooth_stuff/Link_layer_security/firmware_project/bin/targets/my_blinky_nordic/app/@apache-mynewt-core/kernel/os/@apache-mynewt-core_kernel_os.a(os_sched.o)
                0x000000000000cedc                os_sched_wakeup_ticks
 .text.os_sched_next_task
                0x000000000000cf24        0xc /home/crepel/Documents/EPFL/bluetooth_stuff/Link_layer_security/firmware_project/bin/targets/my_blinky_nordic/app/@apache-mynewt-core/kernel/os/@apache-mynewt-core_kernel_os.a(os_sched.o)
                0x000000000000cf24                os_sched_next_task
 .text.os_sched
                0x000000000000cf30       0x22 /home/crepel/Documents/EPFL/bluetooth_stuff/Link_layer_security/firmware_project/bin/targets/my_blinky_nordic/app/@apache-mynewt-core/kernel/os/@apache-mynewt-core_kernel_os.a(os_sched.o)
                0x000000000000cf30                os_sched
 *fill*         0x000000000000cf52        0x2 
 .text.os_sched_resort
                0x000000000000cf54       0x2c /home/crepel/Documents/EPFL/bluetooth_stuff/Link_layer_security/firmware_project/bin/targets/my_blinky_nordic/app/@apache-mynewt-core/kernel/os/@apache-mynewt-core_kernel_os.a(os_sched.o)
                0x000000000000cf54                os_sched_resort
 .text._clear_stack
                0x000000000000cf80       0x18 /home/crepel/Documents/EPFL/bluetooth_stuff/Link_layer_security/firmware_project/bin/targets/my_blinky_nordic/app/@apache-mynewt-core/kernel/os/@apache-mynewt-core_kernel_os.a(os_task.o)
 .text.os_task_stacktop_get
                0x000000000000cf98        0xa /home/crepel/Documents/EPFL/bluetooth_stuff/Link_layer_security/firmware_project/bin/targets/my_blinky_nordic/app/@apache-mynewt-core/kernel/os/@apache-mynewt-core_kernel_os.a(os_task.o)
                0x000000000000cf98                os_task_stacktop_get
 *fill*         0x000000000000cfa2        0x2 
 .text.os_task_init
                0x000000000000cfa4       0xe4 /home/crepel/Documents/EPFL/bluetooth_stuff/Link_layer_security/firmware_project/bin/targets/my_blinky_nordic/app/@apache-mynewt-core/kernel/os/@apache-mynewt-core_kernel_os.a(os_task.o)
                0x000000000000cfa4                os_task_init
 .text.os_deltatime
                0x000000000000d088       0x4c /home/crepel/Documents/EPFL/bluetooth_stuff/Link_layer_security/firmware_project/bin/targets/my_blinky_nordic/app/@apache-mynewt-core/kernel/os/@apache-mynewt-core_kernel_os.a(os_time.o)
 .text.os_time_tick
                0x000000000000d0d4       0x64 /home/crepel/Documents/EPFL/bluetooth_stuff/Link_layer_security/firmware_project/bin/targets/my_blinky_nordic/app/@apache-mynewt-core/kernel/os/@apache-mynewt-core_kernel_os.a(os_time.o)
 .text.os_time_get
                0x000000000000d138        0xc /home/crepel/Documents/EPFL/bluetooth_stuff/Link_layer_security/firmware_project/bin/targets/my_blinky_nordic/app/@apache-mynewt-core/kernel/os/@apache-mynewt-core_kernel_os.a(os_time.o)
                0x000000000000d138                os_time_get
 .text.os_time_advance
                0x000000000000d144       0x48 /home/crepel/Documents/EPFL/bluetooth_stuff/Link_layer_security/firmware_project/bin/targets/my_blinky_nordic/app/@apache-mynewt-core/kernel/os/@apache-mynewt-core_kernel_os.a(os_time.o)
                0x000000000000d144                os_time_advance
 .text.os_time_delay
                0x000000000000d18c       0x26 /home/crepel/Documents/EPFL/bluetooth_stuff/Link_layer_security/firmware_project/bin/targets/my_blinky_nordic/app/@apache-mynewt-core/kernel/os/@apache-mynewt-core_kernel_os.a(os_time.o)
                0x000000000000d18c                os_time_delay
 .text.os_arch_task_return_handler
                0x000000000000d1b2        0x2 /home/crepel/Documents/EPFL/bluetooth_stuff/Link_layer_security/firmware_project/bin/targets/my_blinky_nordic/app/@apache-mynewt-core/kernel/os/@apache-mynewt-core_kernel_os.a(os_arch_arm.o)
 .text.timer_handler
                0x000000000000d1b4        0xa /home/crepel/Documents/EPFL/bluetooth_stuff/Link_layer_security/firmware_project/bin/targets/my_blinky_nordic/app/@apache-mynewt-core/kernel/os/@apache-mynewt-core_kernel_os.a(os_arch_arm.o)
                0x000000000000d1b4                timer_handler
 *fill*         0x000000000000d1be        0x2 
 .text.os_arch_ctx_sw
                0x000000000000d1c0       0x14 /home/crepel/Documents/EPFL/bluetooth_stuff/Link_layer_security/firmware_project/bin/targets/my_blinky_nordic/app/@apache-mynewt-core/kernel/os/@apache-mynewt-core_kernel_os.a(os_arch_arm.o)
                0x000000000000d1c0                os_arch_ctx_sw
 .text.os_arch_save_sr
                0x000000000000d1d4        0xc /home/crepel/Documents/EPFL/bluetooth_stuff/Link_layer_security/firmware_project/bin/targets/my_blinky_nordic/app/@apache-mynewt-core/kernel/os/@apache-mynewt-core_kernel_os.a(os_arch_arm.o)
                0x000000000000d1d4                os_arch_save_sr
 .text.os_arch_restore_sr
                0x000000000000d1e0        0x6 /home/crepel/Documents/EPFL/bluetooth_stuff/Link_layer_security/firmware_project/bin/targets/my_blinky_nordic/app/@apache-mynewt-core/kernel/os/@apache-mynewt-core_kernel_os.a(os_arch_arm.o)
                0x000000000000d1e0                os_arch_restore_sr
 .text.os_arch_in_critical
                0x000000000000d1e6        0xa /home/crepel/Documents/EPFL/bluetooth_stuff/Link_layer_security/firmware_project/bin/targets/my_blinky_nordic/app/@apache-mynewt-core/kernel/os/@apache-mynewt-core_kernel_os.a(os_arch_arm.o)
                0x000000000000d1e6                os_arch_in_critical
 .text.os_arch_task_stack_init
                0x000000000000d1f0       0x44 /home/crepel/Documents/EPFL/bluetooth_stuff/Link_layer_security/firmware_project/bin/targets/my_blinky_nordic/app/@apache-mynewt-core/kernel/os/@apache-mynewt-core_kernel_os.a(os_arch_arm.o)
                0x000000000000d1f0                os_arch_task_stack_init
 .text.os_arch_init
                0x000000000000d234       0x18 /home/crepel/Documents/EPFL/bluetooth_stuff/Link_layer_security/firmware_project/bin/targets/my_blinky_nordic/app/@apache-mynewt-core/kernel/os/@apache-mynewt-core_kernel_os.a(os_arch_arm.o)
                0x000000000000d234                os_arch_init
 .text.os_arch_os_init
                0x000000000000d24c       0x90 /home/crepel/Documents/EPFL/bluetooth_stuff/Link_layer_security/firmware_project/bin/targets/my_blinky_nordic/app/@apache-mynewt-core/kernel/os/@apache-mynewt-core_kernel_os.a(os_arch_arm.o)
                0x000000000000d24c                os_arch_os_init
 .text.os_arch_start
                0x000000000000d2dc       0x30 /home/crepel/Documents/EPFL/bluetooth_stuff/Link_layer_security/firmware_project/bin/targets/my_blinky_nordic/app/@apache-mynewt-core/kernel/os/@apache-mynewt-core_kernel_os.a(os_arch_arm.o)
                0x000000000000d2dc                os_arch_start
 .text.os_arch_os_start
                0x000000000000d30c       0x60 /home/crepel/Documents/EPFL/bluetooth_stuff/Link_layer_security/firmware_project/bin/targets/my_blinky_nordic/app/@apache-mynewt-core/kernel/os/@apache-mynewt-core_kernel_os.a(os_arch_arm.o)
                0x000000000000d30c                os_arch_os_start
 .text.__assert_func
                0x000000000000d36c       0x1c /home/crepel/Documents/EPFL/bluetooth_stuff/Link_layer_security/firmware_project/bin/targets/my_blinky_nordic/app/@apache-mynewt-core/kernel/os/@apache-mynewt-core_kernel_os.a(os_fault.o)
                0x000000000000d36c                __assert_func
 .text.os_default_irq
                0x000000000000d388       0x18 /home/crepel/Documents/EPFL/bluetooth_stuff/Link_layer_security/firmware_project/bin/targets/my_blinky_nordic/app/@apache-mynewt-core/kernel/os/@apache-mynewt-core_kernel_os.a(os_fault.o)
                0x000000000000d388                os_default_irq
 .text.os_mbuf_pool_init
                0x000000000000d3a0        0xa /home/crepel/Documents/EPFL/bluetooth_stuff/Link_layer_security/firmware_project/bin/targets/my_blinky_nordic/app/@apache-mynewt-core/kernel/os/@apache-mynewt-core_kernel_os.a(os_mbuf.o)
                0x000000000000d3a0                os_mbuf_pool_init
 .text.os_mutex_init
                0x000000000000d3aa       0x14 /home/crepel/Documents/EPFL/bluetooth_stuff/Link_layer_security/firmware_project/bin/targets/my_blinky_nordic/app/@apache-mynewt-core/kernel/os/@apache-mynewt-core_kernel_os.a(os_mutex.o)
                0x000000000000d3aa                os_mutex_init
 *fill*         0x000000000000d3be        0x2 
 .text.os_mutex_release
                0x000000000000d3c0       0xc0 /home/crepel/Documents/EPFL/bluetooth_stuff/Link_layer_security/firmware_project/bin/targets/my_blinky_nordic/app/@apache-mynewt-core/kernel/os/@apache-mynewt-core_kernel_os.a(os_mutex.o)
                0x000000000000d3c0                os_mutex_release
 .text.os_mutex_pend
                0x000000000000d480       0xe0 /home/crepel/Documents/EPFL/bluetooth_stuff/Link_layer_security/firmware_project/bin/targets/my_blinky_nordic/app/@apache-mynewt-core/kernel/os/@apache-mynewt-core_kernel_os.a(os_mutex.o)
                0x000000000000d480                os_mutex_pend
 .text          0x000000000000d560       0xc8 /home/crepel/Documents/EPFL/bluetooth_stuff/Link_layer_security/firmware_project/bin/targets/my_blinky_nordic/app/@apache-mynewt-core/kernel/os/@apache-mynewt-core_kernel_os.a(HAL_CM4.o)
                0x000000000000d560                os_set_env
                0x000000000000d574                os_arch_init_task_stack
                0x000000000000d57a                SVC_Handler
                0x000000000000d5c0                PendSV_Handler
                0x000000000000d5ea                SysTick_Handler
                0x000000000000d5f6                os_default_irq_asm
 .text.memcpy   0x000000000000d628       0x1a /home/crepel/Documents/EPFL/bluetooth_stuff/Link_layer_security/firmware_project/bin/targets/my_blinky_nordic/app/@apache-mynewt-core/libc/baselibc/@apache-mynewt-core_libc_baselibc.a(memcpy.o)
                0x000000000000d628                memcpy
 .text.memset   0x000000000000d642       0x38 /home/crepel/Documents/EPFL/bluetooth_stuff/Link_layer_security/firmware_project/bin/targets/my_blinky_nordic/app/@apache-mynewt-core/libc/baselibc/@apache-mynewt-core_libc_baselibc.a(memset.o)
                0x000000000000d642                memset
 .text.strlen   0x000000000000d67a       0x10 /home/crepel/Documents/EPFL/bluetooth_stuff/Link_layer_security/firmware_project/bin/targets/my_blinky_nordic/app/@apache-mynewt-core/libc/baselibc/@apache-mynewt-core_libc_baselibc.a(strlen.o)
                0x000000000000d67a                strlen
 *fill*         0x000000000000d68a        0x2 
 .text.flash_area_find_idx
                0x000000000000d68c       0x3c /home/crepel/Documents/EPFL/bluetooth_stuff/Link_layer_security/firmware_project/bin/targets/my_blinky_nordic/app/@apache-mynewt-core/sys/flash_map/@apache-mynewt-core_sys_flash_map.a(flash_map.o)
 .text.flash_map_area_overlaps
                0x000000000000d6c8       0x58 /home/crepel/Documents/EPFL/bluetooth_stuff/Link_layer_security/firmware_project/bin/targets/my_blinky_nordic/app/@apache-mynewt-core/sys/flash_map/@apache-mynewt-core_sys_flash_map.a(flash_map.o)
 .text.flash_map_add_new_dflt_areas
                0x000000000000d720       0x7c /home/crepel/Documents/EPFL/bluetooth_stuff/Link_layer_security/firmware_project/bin/targets/my_blinky_nordic/app/@apache-mynewt-core/sys/flash_map/@apache-mynewt-core_sys_flash_map.a(flash_map.o)
 .text.flash_map_read_mfg
                0x000000000000d79c       0x78 /home/crepel/Documents/EPFL/bluetooth_stuff/Link_layer_security/firmware_project/bin/targets/my_blinky_nordic/app/@apache-mynewt-core/sys/flash_map/@apache-mynewt-core_sys_flash_map.a(flash_map.o)
 .text.flash_area_open
                0x000000000000d814       0x34 /home/crepel/Documents/EPFL/bluetooth_stuff/Link_layer_security/firmware_project/bin/targets/my_blinky_nordic/app/@apache-mynewt-core/sys/flash_map/@apache-mynewt-core_sys_flash_map.a(flash_map.o)
                0x000000000000d814                flash_area_open
 .text.flash_area_read
                0x000000000000d848       0x26 /home/crepel/Documents/EPFL/bluetooth_stuff/Link_layer_security/firmware_project/bin/targets/my_blinky_nordic/app/@apache-mynewt-core/sys/flash_map/@apache-mynewt-core_sys_flash_map.a(flash_map.o)
                0x000000000000d848                flash_area_read
 *fill*         0x000000000000d86e        0x2 
 .text.flash_map_init
                0x000000000000d870       0x88 /home/crepel/Documents/EPFL/bluetooth_stuff/Link_layer_security/firmware_project/bin/targets/my_blinky_nordic/app/@apache-mynewt-core/sys/flash_map/@apache-mynewt-core_sys_flash_map.a(flash_map.o)
                0x000000000000d870                flash_map_init
 .text.modlog_init
                0x000000000000d8f8        0x2 /home/crepel/Documents/EPFL/bluetooth_stuff/Link_layer_security/firmware_project/bin/targets/my_blinky_nordic/app/@apache-mynewt-core/sys/log/modlog/@apache-mynewt-core_sys_log_modlog.a(modlog.o)
                0x000000000000d8f8                modlog_init
 *fill*         0x000000000000d8fa        0x2 
 .text.mfg_seek_next_aux
                0x000000000000d8fc       0x94 /home/crepel/Documents/EPFL/bluetooth_stuff/Link_layer_security/firmware_project/bin/targets/my_blinky_nordic/app/@apache-mynewt-core/sys/mfg/@apache-mynewt-core_sys_mfg.a(mfg.o)
 .text.mfg_read_mmr
                0x000000000000d990       0x70 /home/crepel/Documents/EPFL/bluetooth_stuff/Link_layer_security/firmware_project/bin/targets/my_blinky_nordic/app/@apache-mynewt-core/sys/mfg/@apache-mynewt-core_sys_mfg.a(mfg.o)
 .text.mfg_read_next_mmr
                0x000000000000da00       0x54 /home/crepel/Documents/EPFL/bluetooth_stuff/Link_layer_security/firmware_project/bin/targets/my_blinky_nordic/app/@apache-mynewt-core/sys/mfg/@apache-mynewt-core_sys_mfg.a(mfg.o)
 .text.mfg_open_flash_area
                0x000000000000da54       0x44 /home/crepel/Documents/EPFL/bluetooth_stuff/Link_layer_security/firmware_project/bin/targets/my_blinky_nordic/app/@apache-mynewt-core/sys/mfg/@apache-mynewt-core_sys_mfg.a(mfg.o)
 .text.mfg_read_tlv_body
                0x000000000000da98       0x44 /home/crepel/Documents/EPFL/bluetooth_stuff/Link_layer_security/firmware_project/bin/targets/my_blinky_nordic/app/@apache-mynewt-core/sys/mfg/@apache-mynewt-core_sys_mfg.a(mfg.o)
 .text.mfg_seek_next
                0x000000000000dadc       0x12 /home/crepel/Documents/EPFL/bluetooth_stuff/Link_layer_security/firmware_project/bin/targets/my_blinky_nordic/app/@apache-mynewt-core/sys/mfg/@apache-mynewt-core_sys_mfg.a(mfg.o)
                0x000000000000dadc                mfg_seek_next
 .text.mfg_seek_next_with_type
                0x000000000000daee       0x1a /home/crepel/Documents/EPFL/bluetooth_stuff/Link_layer_security/firmware_project/bin/targets/my_blinky_nordic/app/@apache-mynewt-core/sys/mfg/@apache-mynewt-core_sys_mfg.a(mfg.o)
                0x000000000000daee                mfg_seek_next_with_type
 .text.mfg_read_tlv_flash_area
                0x000000000000db08        0xa /home/crepel/Documents/EPFL/bluetooth_stuff/Link_layer_security/firmware_project/bin/targets/my_blinky_nordic/app/@apache-mynewt-core/sys/mfg/@apache-mynewt-core_sys_mfg.a(mfg.o)
                0x000000000000db08                mfg_read_tlv_flash_area
 .text.mfg_read_tlv_mmr_ref
                0x000000000000db12        0xa /home/crepel/Documents/EPFL/bluetooth_stuff/Link_layer_security/firmware_project/bin/targets/my_blinky_nordic/app/@apache-mynewt-core/sys/mfg/@apache-mynewt-core_sys_mfg.a(mfg.o)
                0x000000000000db12                mfg_read_tlv_mmr_ref
 .text.mfg_init
                0x000000000000db1c       0x40 /home/crepel/Documents/EPFL/bluetooth_stuff/Link_layer_security/firmware_project/bin/targets/my_blinky_nordic/app/@apache-mynewt-core/sys/mfg/@apache-mynewt-core_sys_mfg.a(mfg.o)
                0x000000000000db1c                mfg_init
 .text.mfg_open
                0x000000000000db5c       0x10 /home/crepel/Documents/EPFL/bluetooth_stuff/Link_layer_security/firmware_project/bin/targets/my_blinky_nordic/app/@apache-mynewt-core/sys/mfg/@apache-mynewt-core_sys_mfg.a(mfg.o)
                0x000000000000db5c                mfg_open
 .text.mfg_read_mmr_refs
                0x000000000000db6c       0x4e /home/crepel/Documents/EPFL/bluetooth_stuff/Link_layer_security/firmware_project/bin/targets/my_blinky_nordic/app/@apache-mynewt-core/sys/mfg/@apache-mynewt-core_sys_mfg.a(mfg.o)
 .text.sysinit_dflt_panic_cb
                0x000000000000dbba        0x6 /home/crepel/Documents/EPFL/bluetooth_stuff/Link_layer_security/firmware_project/bin/targets/my_blinky_nordic/app/@apache-mynewt-core/sys/sysinit/@apache-mynewt-core_sys_sysinit.a(sysinit.o)
 .text.sysinit_start
                0x000000000000dbc0        0xc /home/crepel/Documents/EPFL/bluetooth_stuff/Link_layer_security/firmware_project/bin/targets/my_blinky_nordic/app/@apache-mynewt-core/sys/sysinit/@apache-mynewt-core_sys_sysinit.a(sysinit.o)
                0x000000000000dbc0                sysinit_start
 .text.sysinit_end
                0x000000000000dbcc        0xc /home/crepel/Documents/EPFL/bluetooth_stuff/Link_layer_security/firmware_project/bin/targets/my_blinky_nordic/app/@apache-mynewt-core/sys/sysinit/@apache-mynewt-core_sys_sysinit.a(sysinit.o)
                0x000000000000dbcc                sysinit_end
 .text.mem_init_mbuf_pool
                0x000000000000dbd8       0x30 /home/crepel/Documents/EPFL/bluetooth_stuff/Link_layer_security/firmware_project/bin/targets/my_blinky_nordic/app/@apache-mynewt-core/util/mem/@apache-mynewt-core_util_mem.a(mem.o)
                0x000000000000dbd8                mem_init_mbuf_pool
 .text.hal_bsp_flash_dev
                0x000000000000dc08       0x10 /home/crepel/Documents/EPFL/bluetooth_stuff/Link_layer_security/firmware_project/bin/targets/my_blinky_nordic/app/@apache-mynewt-core/hw/bsp/nordic_pca10056/@apache-mynewt-core_hw_bsp_nordic_pca10056.a(hal_bsp.o)
                0x000000000000dc08                hal_bsp_flash_dev
 .text.hal_bsp_init
                0x000000000000dc18        0xc /home/crepel/Documents/EPFL/bluetooth_stuff/Link_layer_security/firmware_project/bin/targets/my_blinky_nordic/app/@apache-mynewt-core/hw/bsp/nordic_pca10056/@apache-mynewt-core_hw_bsp_nordic_pca10056.a(hal_bsp.o)
                0x000000000000dc18                hal_bsp_init
 .text.hal_flash_check_addr
                0x000000000000dc24       0x1e /home/crepel/Documents/EPFL/bluetooth_stuff/Link_layer_security/firmware_project/bin/targets/my_blinky_nordic/app/@apache-mynewt-core/hw/hal/@apache-mynewt-core_hw_hal.a(hal_flash.o)
 .text.hal_flash_init
                0x000000000000dc42       0x28 /home/crepel/Documents/EPFL/bluetooth_stuff/Link_layer_security/firmware_project/bin/targets/my_blinky_nordic/app/@apache-mynewt-core/hw/hal/@apache-mynewt-core_hw_hal.a(hal_flash.o)
                0x000000000000dc42                hal_flash_init
 .text.hal_flash_read
                0x000000000000dc6a       0x54 /home/crepel/Documents/EPFL/bluetooth_stuff/Link_layer_security/firmware_project/bin/targets/my_blinky_nordic/app/@apache-mynewt-core/hw/hal/@apache-mynewt-core_hw_hal.a(hal_flash.o)
                0x000000000000dc6a                hal_flash_read
 *fill*         0x000000000000dcbe        0x2 
 .text.nrf52k_flash_wait_ready
                0x000000000000dcc0       0x28 /home/crepel/Documents/EPFL/bluetooth_stuff/Link_layer_security/firmware_project/bin/targets/my_blinky_nordic/app/@apache-mynewt-core/hw/mcu/nordic/nrf52xxx/@apache-mynewt-core_hw_mcu_nordic_nrf52xxx.a(hal_flash.o)
 .text.nrf52k_flash_erase_sector
                0x000000000000dce8       0x54 /home/crepel/Documents/EPFL/bluetooth_stuff/Link_layer_security/firmware_project/bin/targets/my_blinky_nordic/app/@apache-mynewt-core/hw/mcu/nordic/nrf52xxx/@apache-mynewt-core_hw_mcu_nordic_nrf52xxx.a(hal_flash.o)
 .text.nrf52k_flash_init
                0x000000000000dd3c        0x4 /home/crepel/Documents/EPFL/bluetooth_stuff/Link_layer_security/firmware_project/bin/targets/my_blinky_nordic/app/@apache-mynewt-core/hw/mcu/nordic/nrf52xxx/@apache-mynewt-core_hw_mcu_nordic_nrf52xxx.a(hal_flash.o)
 .text.nrf52k_flash_sector_info
                0x000000000000dd40       0x28 /home/crepel/Documents/EPFL/bluetooth_stuff/Link_layer_security/firmware_project/bin/targets/my_blinky_nordic/app/@apache-mynewt-core/hw/mcu/nordic/nrf52xxx/@apache-mynewt-core_hw_mcu_nordic_nrf52xxx.a(hal_flash.o)
 .text.nrf52k_flash_write
                0x000000000000dd68       0xd0 /home/crepel/Documents/EPFL/bluetooth_stuff/Link_layer_security/firmware_project/bin/targets/my_blinky_nordic/app/@apache-mynewt-core/hw/mcu/nordic/nrf52xxx/@apache-mynewt-core_hw_mcu_nordic_nrf52xxx.a(hal_flash.o)
 .text.nrf52k_flash_read
                0x000000000000de38        0xe /home/crepel/Documents/EPFL/bluetooth_stuff/Link_layer_security/firmware_project/bin/targets/my_blinky_nordic/app/@apache-mynewt-core/hw/mcu/nordic/nrf52xxx/@apache-mynewt-core_hw_mcu_nordic_nrf52xxx.a(hal_flash.o)
 *fill*         0x000000000000de46        0x2 
 .text.nrf52_timer_handler
                0x000000000000de48       0xf4 /home/crepel/Documents/EPFL/bluetooth_stuff/Link_layer_security/firmware_project/bin/targets/my_blinky_nordic/app/@apache-mynewt-core/hw/mcu/nordic/nrf52xxx/@apache-mynewt-core_hw_mcu_nordic_nrf52xxx.a(hal_os_tick.o)
 .text.os_tick_idle
                0x000000000000df3c       0xb0 /home/crepel/Documents/EPFL/bluetooth_stuff/Link_layer_security/firmware_project/bin/targets/my_blinky_nordic/app/@apache-mynewt-core/hw/mcu/nordic/nrf52xxx/@apache-mynewt-core_hw_mcu_nordic_nrf52xxx.a(hal_os_tick.o)
                0x000000000000df3c                os_tick_idle
 .text.os_tick_init
                0x000000000000dfec       0xa8 /home/crepel/Documents/EPFL/bluetooth_stuff/Link_layer_security/firmware_project/bin/targets/my_blinky_nordic/app/@apache-mynewt-core/hw/mcu/nordic/nrf52xxx/@apache-mynewt-core_hw_mcu_nordic_nrf52xxx.a(hal_os_tick.o)
                0x000000000000dfec                os_tick_init
 .text.nrf52_hal_wdt_default_handler
                0x000000000000e094       0x16 /home/crepel/Documents/EPFL/bluetooth_stuff/Link_layer_security/firmware_project/bin/targets/my_blinky_nordic/app/@apache-mynewt-core/hw/mcu/nordic/nrf52xxx/@apache-mynewt-core_hw_mcu_nordic_nrf52xxx.a(hal_watchdog.o)
 *fill*         0x000000000000e0aa        0x2 
 .text.nrf52_wdt_irq_handler
                0x000000000000e0ac       0x20 /home/crepel/Documents/EPFL/bluetooth_stuff/Link_layer_security/firmware_project/bin/targets/my_blinky_nordic/app/@apache-mynewt-core/hw/mcu/nordic/nrf52xxx/@apache-mynewt-core_hw_mcu_nordic_nrf52xxx.a(hal_watchdog.o)
 .text.hal_watchdog_init
                0x000000000000e0cc       0x80 /home/crepel/Documents/EPFL/bluetooth_stuff/Link_layer_security/firmware_project/bin/targets/my_blinky_nordic/app/@apache-mynewt-core/hw/mcu/nordic/nrf52xxx/@apache-mynewt-core_hw_mcu_nordic_nrf52xxx.a(hal_watchdog.o)
                0x000000000000e0cc                hal_watchdog_init
 .text.hal_watchdog_enable
                0x000000000000e14c       0x10 /home/crepel/Documents/EPFL/bluetooth_stuff/Link_layer_security/firmware_project/bin/targets/my_blinky_nordic/app/@apache-mynewt-core/hw/mcu/nordic/nrf52xxx/@apache-mynewt-core_hw_mcu_nordic_nrf52xxx.a(hal_watchdog.o)
                0x000000000000e14c                hal_watchdog_enable
 .text.hal_watchdog_tickle
                0x000000000000e15c       0x14 /home/crepel/Documents/EPFL/bluetooth_stuff/Link_layer_security/firmware_project/bin/targets/my_blinky_nordic/app/@apache-mynewt-core/hw/mcu/nordic/nrf52xxx/@apache-mynewt-core_hw_mcu_nordic_nrf52xxx.a(hal_watchdog.o)
                0x000000000000e15c                hal_watchdog_tickle
 .text.nrf52_periph_create_timers
                0x000000000000e170       0x44 /home/crepel/Documents/EPFL/bluetooth_stuff/Link_layer_security/firmware_project/bin/targets/my_blinky_nordic/app/@apache-mynewt-core/hw/mcu/nordic/nrf52xxx/@apache-mynewt-core_hw_mcu_nordic_nrf52xxx.a(nrf52_periph.o)
 .text.nrf52_periph_create_uart
                0x000000000000e1b4       0x44 /home/crepel/Documents/EPFL/bluetooth_stuff/Link_layer_security/firmware_project/bin/targets/my_blinky_nordic/app/@apache-mynewt-core/hw/mcu/nordic/nrf52xxx/@apache-mynewt-core_hw_mcu_nordic_nrf52xxx.a(nrf52_periph.o)
 .text.nrf52_periph_create
                0x000000000000e1f8        0xc /home/crepel/Documents/EPFL/bluetooth_stuff/Link_layer_security/firmware_project/bin/targets/my_blinky_nordic/app/@apache-mynewt-core/hw/mcu/nordic/nrf52xxx/@apache-mynewt-core_hw_mcu_nordic_nrf52xxx.a(nrf52_periph.o)
                0x000000000000e1f8                nrf52_periph_create
 .text.nrf_read_timer_cntr
                0x000000000000e204        0xa /home/crepel/Documents/EPFL/bluetooth_stuff/Link_layer_security/firmware_project/bin/targets/my_blinky_nordic/app/@apache-mynewt-core/hw/mcu/nordic/nrf52xxx/@apache-mynewt-core_hw_mcu_nordic_nrf52xxx.a(hal_timer.o)
 *fill*         0x000000000000e20e        0x2 
 .text.nrf_timer_set_ocmp
                0x000000000000e210       0xf4 /home/crepel/Documents/EPFL/bluetooth_stuff/Link_layer_security/firmware_project/bin/targets/my_blinky_nordic/app/@apache-mynewt-core/hw/mcu/nordic/nrf52xxx/@apache-mynewt-core_hw_mcu_nordic_nrf52xxx.a(hal_timer.o)
 .text.nrf_timer_disable_ocmp
                0x000000000000e304        0xa /home/crepel/Documents/EPFL/bluetooth_stuff/Link_layer_security/firmware_project/bin/targets/my_blinky_nordic/app/@apache-mynewt-core/hw/mcu/nordic/nrf52xxx/@apache-mynewt-core_hw_mcu_nordic_nrf52xxx.a(hal_timer.o)
 .text.nrf_rtc_disable_ocmp
                0x000000000000e30e       0x10 /home/crepel/Documents/EPFL/bluetooth_stuff/Link_layer_security/firmware_project/bin/targets/my_blinky_nordic/app/@apache-mynewt-core/hw/mcu/nordic/nrf52xxx/@apache-mynewt-core_hw_mcu_nordic_nrf52xxx.a(hal_timer.o)
 *fill*         0x000000000000e31e        0x2 
 .text.hal_timer_read_bsptimer
                0x000000000000e320       0x54 /home/crepel/Documents/EPFL/bluetooth_stuff/Link_layer_security/firmware_project/bin/targets/my_blinky_nordic/app/@apache-mynewt-core/hw/mcu/nordic/nrf52xxx/@apache-mynewt-core_hw_mcu_nordic_nrf52xxx.a(hal_timer.o)
 .text.hal_timer_chk_queue
                0x000000000000e374       0x70 /home/crepel/Documents/EPFL/bluetooth_stuff/Link_layer_security/firmware_project/bin/targets/my_blinky_nordic/app/@apache-mynewt-core/hw/mcu/nordic/nrf52xxx/@apache-mynewt-core_hw_mcu_nordic_nrf52xxx.a(hal_timer.o)
 .text.hal_timer_irq_handler
                0x000000000000e3e4       0x2c /home/crepel/Documents/EPFL/bluetooth_stuff/Link_layer_security/firmware_project/bin/targets/my_blinky_nordic/app/@apache-mynewt-core/hw/mcu/nordic/nrf52xxx/@apache-mynewt-core_hw_mcu_nordic_nrf52xxx.a(hal_timer.o)
 .text.nrf52_timer0_irq_handler
                0x000000000000e410       0x10 /home/crepel/Documents/EPFL/bluetooth_stuff/Link_layer_security/firmware_project/bin/targets/my_blinky_nordic/app/@apache-mynewt-core/hw/mcu/nordic/nrf52xxx/@apache-mynewt-core_hw_mcu_nordic_nrf52xxx.a(hal_timer.o)
                0x000000000000e410                nrf52_timer0_irq_handler
 .text.hal_timer_init
                0x000000000000e420       0x60 /home/crepel/Documents/EPFL/bluetooth_stuff/Link_layer_security/firmware_project/bin/targets/my_blinky_nordic/app/@apache-mynewt-core/hw/mcu/nordic/nrf52xxx/@apache-mynewt-core_hw_mcu_nordic_nrf52xxx.a(hal_timer.o)
                0x000000000000e420                hal_timer_init
 .text.hal_timer_config
                0x000000000000e480       0xf8 /home/crepel/Documents/EPFL/bluetooth_stuff/Link_layer_security/firmware_project/bin/targets/my_blinky_nordic/app/@apache-mynewt-core/hw/mcu/nordic/nrf52xxx/@apache-mynewt-core_hw_mcu_nordic_nrf52xxx.a(hal_timer.o)
                0x000000000000e480                hal_timer_config
 .text.os_cputime_init
                0x000000000000e578        0xc /home/crepel/Documents/EPFL/bluetooth_stuff/Link_layer_security/firmware_project/bin/targets/my_blinky_nordic/app/@apache-mynewt-core/kernel/os/@apache-mynewt-core_kernel_os.a(os_cputime.o)
                0x000000000000e578                os_cputime_init
 .text.uart_hal_blocking_tx
                0x000000000000e584       0x22 /home/crepel/Documents/EPFL/bluetooth_stuff/Link_layer_security/firmware_project/bin/targets/my_blinky_nordic/app/@apache-mynewt-core/hw/drivers/uart/uart_hal/@apache-mynewt-core_hw_drivers_uart_uart_hal.a(uart_hal.o)
 .text.uart_hal_start_rx
                0x000000000000e5a6       0x22 /home/crepel/Documents/EPFL/bluetooth_stuff/Link_layer_security/firmware_project/bin/targets/my_blinky_nordic/app/@apache-mynewt-core/hw/drivers/uart/uart_hal/@apache-mynewt-core_hw_drivers_uart_uart_hal.a(uart_hal.o)
 .text.uart_hal_start_tx
                0x000000000000e5c8       0x22 /home/crepel/Documents/EPFL/bluetooth_stuff/Link_layer_security/firmware_project/bin/targets/my_blinky_nordic/app/@apache-mynewt-core/hw/drivers/uart/uart_hal/@apache-mynewt-core_hw_drivers_uart_uart_hal.a(uart_hal.o)
 .text.uart_hal_resume
                0x000000000000e5ea       0x30 /home/crepel/Documents/EPFL/bluetooth_stuff/Link_layer_security/firmware_project/bin/targets/my_blinky_nordic/app/@apache-mynewt-core/hw/drivers/uart/uart_hal/@apache-mynewt-core_hw_drivers_uart_uart_hal.a(uart_hal.o)
 .text.uart_hal_suspend
                0x000000000000e61a       0x2e /home/crepel/Documents/EPFL/bluetooth_stuff/Link_layer_security/firmware_project/bin/targets/my_blinky_nordic/app/@apache-mynewt-core/hw/drivers/uart/uart_hal/@apache-mynewt-core_hw_drivers_uart_uart_hal.a(uart_hal.o)
 .text.uart_hal_close
                0x000000000000e648       0x16 /home/crepel/Documents/EPFL/bluetooth_stuff/Link_layer_security/firmware_project/bin/targets/my_blinky_nordic/app/@apache-mynewt-core/hw/drivers/uart/uart_hal/@apache-mynewt-core_hw_drivers_uart_uart_hal.a(uart_hal.o)
 .text.uart_hal_open
                0x000000000000e65e       0x8a /home/crepel/Documents/EPFL/bluetooth_stuff/Link_layer_security/firmware_project/bin/targets/my_blinky_nordic/app/@apache-mynewt-core/hw/drivers/uart/uart_hal/@apache-mynewt-core_hw_drivers_uart_uart_hal.a(uart_hal.o)
 .text.uart_hal_init
                0x000000000000e6e8       0x68 /home/crepel/Documents/EPFL/bluetooth_stuff/Link_layer_security/firmware_project/bin/targets/my_blinky_nordic/app/@apache-mynewt-core/hw/drivers/uart/uart_hal/@apache-mynewt-core_hw_drivers_uart_uart_hal.a(uart_hal.o)
                0x000000000000e6e8                uart_hal_init
 .text.hal_uart_tx_fill_buf
                0x000000000000e750       0x20 /home/crepel/Documents/EPFL/bluetooth_stuff/Link_layer_security/firmware_project/bin/targets/my_blinky_nordic/app/@apache-mynewt-core/hw/mcu/nordic/nrf52xxx/@apache-mynewt-core_hw_mcu_nordic_nrf52xxx.a(hal_uart.o)
 .text.uart_irq_handler
                0x000000000000e770       0x72 /home/crepel/Documents/EPFL/bluetooth_stuff/Link_layer_security/firmware_project/bin/targets/my_blinky_nordic/app/@apache-mynewt-core/hw/mcu/nordic/nrf52xxx/@apache-mynewt-core_hw_mcu_nordic_nrf52xxx.a(hal_uart.o)
 *fill*         0x000000000000e7e2        0x2 
 .text.uart0_irq_handler
                0x000000000000e7e4       0x14 /home/crepel/Documents/EPFL/bluetooth_stuff/Link_layer_security/firmware_project/bin/targets/my_blinky_nordic/app/@apache-mynewt-core/hw/mcu/nordic/nrf52xxx/@apache-mynewt-core_hw_mcu_nordic_nrf52xxx.a(hal_uart.o)
 .text.uart1_irq_handler
                0x000000000000e7f8       0x14 /home/crepel/Documents/EPFL/bluetooth_stuff/Link_layer_security/firmware_project/bin/targets/my_blinky_nordic/app/@apache-mynewt-core/hw/mcu/nordic/nrf52xxx/@apache-mynewt-core_hw_mcu_nordic_nrf52xxx.a(hal_uart.o)
 .text.hal_uart_baudrate
                0x000000000000e80c       0xf0 /home/crepel/Documents/EPFL/bluetooth_stuff/Link_layer_security/firmware_project/bin/targets/my_blinky_nordic/app/@apache-mynewt-core/hw/mcu/nordic/nrf52xxx/@apache-mynewt-core_hw_mcu_nordic_nrf52xxx.a(hal_uart.o)
 .text.hal_uart_init_cbs
                0x000000000000e8fc       0x3c /home/crepel/Documents/EPFL/bluetooth_stuff/Link_layer_security/firmware_project/bin/targets/my_blinky_nordic/app/@apache-mynewt-core/hw/mcu/nordic/nrf52xxx/@apache-mynewt-core_hw_mcu_nordic_nrf52xxx.a(hal_uart.o)
                0x000000000000e8fc                hal_uart_init_cbs
 .text.hal_uart_start_tx
                0x000000000000e938       0x60 /home/crepel/Documents/EPFL/bluetooth_stuff/Link_layer_security/firmware_project/bin/targets/my_blinky_nordic/app/@apache-mynewt-core/hw/mcu/nordic/nrf52xxx/@apache-mynewt-core_hw_mcu_nordic_nrf52xxx.a(hal_uart.o)
                0x000000000000e938                hal_uart_start_tx
 .text.hal_uart_start_rx
                0x000000000000e998       0x4c /home/crepel/Documents/EPFL/bluetooth_stuff/Link_layer_security/firmware_project/bin/targets/my_blinky_nordic/app/@apache-mynewt-core/hw/mcu/nordic/nrf52xxx/@apache-mynewt-core_hw_mcu_nordic_nrf52xxx.a(hal_uart.o)
                0x000000000000e998                hal_uart_start_rx
 .text.hal_uart_blocking_tx
                0x000000000000e9e4       0x64 /home/crepel/Documents/EPFL/bluetooth_stuff/Link_layer_security/firmware_project/bin/targets/my_blinky_nordic/app/@apache-mynewt-core/hw/mcu/nordic/nrf52xxx/@apache-mynewt-core_hw_mcu_nordic_nrf52xxx.a(hal_uart.o)
                0x000000000000e9e4                hal_uart_blocking_tx
 .text.hal_uart_init
                0x000000000000ea48       0x5c /home/crepel/Documents/EPFL/bluetooth_stuff/Link_layer_security/firmware_project/bin/targets/my_blinky_nordic/app/@apache-mynewt-core/hw/mcu/nordic/nrf52xxx/@apache-mynewt-core_hw_mcu_nordic_nrf52xxx.a(hal_uart.o)
                0x000000000000ea48                hal_uart_init
 .text.hal_uart_config
                0x000000000000eaa4      0x100 /home/crepel/Documents/EPFL/bluetooth_stuff/Link_layer_security/firmware_project/bin/targets/my_blinky_nordic/app/@apache-mynewt-core/hw/mcu/nordic/nrf52xxx/@apache-mynewt-core_hw_mcu_nordic_nrf52xxx.a(hal_uart.o)
                0x000000000000eaa4                hal_uart_config
 .text.hal_uart_close
                0x000000000000eba4       0x48 /home/crepel/Documents/EPFL/bluetooth_stuff/Link_layer_security/firmware_project/bin/targets/my_blinky_nordic/app/@apache-mynewt-core/hw/mcu/nordic/nrf52xxx/@apache-mynewt-core_hw_mcu_nordic_nrf52xxx.a(hal_uart.o)
                0x000000000000eba4                hal_uart_close
 *(.init)
 *(.fini)
 *crtbegin.o(.ctors)
 *crtbegin?.o(.ctors)
 *(EXCLUDE_FILE(*crtend.o *crtend?.o) .ctors)
 *(SORT_BY_NAME(.ctors.*))
 *(.ctors)
 *crtbegin.o(.dtors)
 *crtbegin?.o(.dtors)
 *(EXCLUDE_FILE(*crtend.o *crtend?.o) .dtors)
 *(SORT_BY_NAME(.dtors.*))
 *(.dtors)
 *(.rodata*)
 .rodata.os_init.str1.4
                0x000000000000ebec        0x5 /home/crepel/Documents/EPFL/bluetooth_stuff/Link_layer_security/firmware_project/bin/targets/my_blinky_nordic/app/@apache-mynewt-core/kernel/os/@apache-mynewt-core_kernel_os.a(os.o)
 *fill*         0x000000000000ebf1        0x3 
 .rodata.os_init_idle_task.str1.4
                0x000000000000ebf4        0x5 /home/crepel/Documents/EPFL/bluetooth_stuff/Link_layer_security/firmware_project/bin/targets/my_blinky_nordic/app/@apache-mynewt-core/kernel/os/@apache-mynewt-core_kernel_os.a(os.o)
 *fill*         0x000000000000ebf9        0x3 
 .rodata.os_msys_init.str1.4
                0x000000000000ebfc        0x7 /home/crepel/Documents/EPFL/bluetooth_stuff/Link_layer_security/firmware_project/bin/targets/my_blinky_nordic/app/@apache-mynewt-core/kernel/os/@apache-mynewt-core_kernel_os.a(os_msys.o)
 *fill*         0x000000000000ec03        0x1 
 .rodata.sysflash_map_dflt
                0x000000000000ec04       0x48 /home/crepel/Documents/EPFL/bluetooth_stuff/Link_layer_security/firmware_project/bin/targets/my_blinky_nordic/generated/bin/my_blinky_nordic-sysinit-app.a(my_blinky_nordic-sysflash.o)
                0x000000000000ec04                sysflash_map_dflt
 .rodata.nrf52k_flash_dev
                0x000000000000ec4c       0x18 /home/crepel/Documents/EPFL/bluetooth_stuff/Link_layer_security/firmware_project/bin/targets/my_blinky_nordic/app/@apache-mynewt-core/hw/mcu/nordic/nrf52xxx/@apache-mynewt-core_hw_mcu_nordic_nrf52xxx.a(hal_flash.o)
                0x000000000000ec4c                nrf52k_flash_dev
 .rodata.nrf52k_flash_funcs
                0x000000000000ec64       0x1c /home/crepel/Documents/EPFL/bluetooth_stuff/Link_layer_security/firmware_project/bin/targets/my_blinky_nordic/app/@apache-mynewt-core/hw/mcu/nordic/nrf52xxx/@apache-mynewt-core_hw_mcu_nordic_nrf52xxx.a(hal_flash.o)
 .rodata.nrf52_periph_create_uart.str1.4
                0x000000000000ec80        0x8 /home/crepel/Documents/EPFL/bluetooth_stuff/Link_layer_security/firmware_project/bin/targets/my_blinky_nordic/app/@apache-mynewt-core/hw/mcu/nordic/nrf52xxx/@apache-mynewt-core_hw_mcu_nordic_nrf52xxx.a(nrf52_periph.o)
                                          0x6 (size before relaxing)
 .rodata.os_bsp_uart0_cfg
                0x000000000000ec88        0x4 /home/crepel/Documents/EPFL/bluetooth_stuff/Link_layer_security/firmware_project/bin/targets/my_blinky_nordic/app/@apache-mynewt-core/hw/mcu/nordic/nrf52xxx/@apache-mynewt-core_hw_mcu_nordic_nrf52xxx.a(nrf52_periph.o)
 .rodata.nrf52_hal_timers
                0x000000000000ec8c       0x18 /home/crepel/Documents/EPFL/bluetooth_stuff/Link_layer_security/firmware_project/bin/targets/my_blinky_nordic/app/@apache-mynewt-core/hw/mcu/nordic/nrf52xxx/@apache-mynewt-core_hw_mcu_nordic_nrf52xxx.a(hal_timer.o)
 *(.eh_frame*)
                0x000000000000eca4                . = ALIGN (0x4)

.glue_7         0x000000000000eca4        0x0
 .glue_7        0x000000000000eca4        0x0 linker stubs

.glue_7t        0x000000000000eca4        0x0
 .glue_7t       0x000000000000eca4        0x0 linker stubs

.vfp11_veneer   0x000000000000eca4        0x0
 .vfp11_veneer  0x000000000000eca4        0x0 linker stubs

.v4_bx          0x000000000000eca4        0x0
 .v4_bx         0x000000000000eca4        0x0 linker stubs

.iplt           0x000000000000eca4        0x0
 .iplt          0x000000000000eca4        0x0 /home/crepel/Documents/EPFL/bluetooth_stuff/Link_layer_security/firmware_project/bin/targets/my_blinky_nordic/app/@apache-mynewt-core/hw/bsp/nordic_pca10056/@apache-mynewt-core_hw_bsp_nordic_pca10056.a(gcc_startup_nrf52840.o)

.ARM.extab      0x000000000000eca4        0x0
 *(.ARM.extab* .gnu.linkonce.armextab.*)
                0x000000000000eca4                . = ALIGN (0x4)
                0x000000000000eca4                __exidx_start = .

.ARM.exidx      0x000000000000eca4       0x18
 *(.ARM.exidx* .gnu.linkonce.armexidx.*)
 .ARM.exidx     0x000000000000eca4        0x8 /home/crepel/Documents/EPFL/bluetooth_stuff/Link_layer_security/firmware_project/bin/targets/my_blinky_nordic/app/@apache-mynewt-core/hw/bsp/nordic_pca10056/@apache-mynewt-core_hw_bsp_nordic_pca10056.a(gcc_startup_nrf52840.o)
 .ARM.exidx     0x000000000000ecac       0x10 /home/crepel/Documents/EPFL/bluetooth_stuff/Link_layer_security/firmware_project/bin/targets/my_blinky_nordic/app/@apache-mynewt-core/kernel/os/@apache-mynewt-core_kernel_os.a(HAL_CM4.o)
                                         0x30 (size before relaxing)
                0x000000000000ecbc                . = ALIGN (0x4)
                0x000000000000ecbc                __exidx_end = .
                0x000000000000ecbc                __etext = .

.rel.dyn        0x000000000000ecbc        0x0
 .rel.iplt      0x000000000000ecbc        0x0 /home/crepel/Documents/EPFL/bluetooth_stuff/Link_layer_security/firmware_project/bin/targets/my_blinky_nordic/app/@apache-mynewt-core/hw/bsp/nordic_pca10056/@apache-mynewt-core_hw_bsp_nordic_pca10056.a(gcc_startup_nrf52840.o)

.vector_relocation
                0x0000000020000000      0x100
                0x0000000020000000                . = ALIGN (0x4)
                0x0000000020000000                __vector_tbl_reloc__ = .
                0x0000000020000100                . = (. + (__isr_vector_end - __isr_vector_start))
 *fill*         0x0000000020000000      0x100 
                0x0000000020000100                . = ALIGN (0x4)

.rtt            0x0000000020000100        0x0
                0x0000000020000100                . = ALIGN (0x4)
 *(.rtt)
                0x0000000020000100                . = ALIGN (0x4)

.data           0x0000000020000100       0x2c load address 0x000000000000ecbc
                0x0000000020000100                __data_start__ = .
 *(vtable)
 *(.data*)
 .data          0x0000000020000100        0xc /home/crepel/Documents/EPFL/bluetooth_stuff/Link_layer_security/firmware_project/bin/targets/my_blinky_nordic/app/@apache-mynewt-core/hw/bsp/nordic_pca10056/@apache-mynewt-core_hw_bsp_nordic_pca10056.a(sbrk.o)
 .data.SystemCoreClock
                0x000000002000010c        0x4 /home/crepel/Documents/EPFL/bluetooth_stuff/Link_layer_security/firmware_project/bin/targets/my_blinky_nordic/app/@apache-mynewt-core/hw/mcu/nordic/nrf52xxx/@apache-mynewt-core_hw_mcu_nordic_nrf52xxx.a(system_nrf52.o)
                0x000000002000010c                SystemCoreClock
 .data.g_msys_pool_list
                0x0000000020000110        0x8 /home/crepel/Documents/EPFL/bluetooth_stuff/Link_layer_security/firmware_project/bin/targets/my_blinky_nordic/app/@apache-mynewt-core/kernel/os/@apache-mynewt-core_kernel_os.a(os_msys.o)
 .data.g_os_run_list
                0x0000000020000118        0x8 /home/crepel/Documents/EPFL/bluetooth_stuff/Link_layer_security/firmware_project/bin/targets/my_blinky_nordic/app/@apache-mynewt-core/kernel/os/@apache-mynewt-core_kernel_os.a(os_sched.o)
                0x0000000020000118                g_os_run_list
 .data.g_os_sleep_list
                0x0000000020000120        0x8 /home/crepel/Documents/EPFL/bluetooth_stuff/Link_layer_security/firmware_project/bin/targets/my_blinky_nordic/app/@apache-mynewt-core/kernel/os/@apache-mynewt-core_kernel_os.a(os_sched.o)
                0x0000000020000120                g_os_sleep_list
 .data          0x0000000020000128        0x0 /home/crepel/Documents/EPFL/bluetooth_stuff/Link_layer_security/firmware_project/bin/targets/my_blinky_nordic/app/@apache-mynewt-core/kernel/os/@apache-mynewt-core_kernel_os.a(HAL_CM4.o)
                0x0000000020000128                __aeabi_unwind_cpp_pr0
 .data.sysinit_panic_cb
                0x0000000020000128        0x4 /home/crepel/Documents/EPFL/bluetooth_stuff/Link_layer_security/firmware_project/bin/targets/my_blinky_nordic/app/@apache-mynewt-core/sys/sysinit/@apache-mynewt-core_sys_sysinit.a(sysinit.o)
                0x0000000020000128                sysinit_panic_cb
                0x000000002000012c                . = ALIGN (0x4)
                [!provide]                        PROVIDE (__preinit_array_start = .)
 *(.preinit_array)
                [!provide]                        PROVIDE (__preinit_array_end = .)
                0x000000002000012c                . = ALIGN (0x4)
                [!provide]                        PROVIDE (__init_array_start = .)
 *(SORT_BY_NAME(.init_array.*))
 *(.init_array)
                [!provide]                        PROVIDE (__init_array_end = .)
                0x000000002000012c                . = ALIGN (0x4)
                [!provide]                        PROVIDE (__fini_array_start = .)
 *(SORT_BY_NAME(.fini_array.*))
 *(.fini_array)
                [!provide]                        PROVIDE (__fini_array_end = .)
 *(.jcr)
                0x000000002000012c                . = ALIGN (0x4)
                0x000000002000012c                __data_end__ = .

.igot.plt       0x000000002000012c        0x0 load address 0x000000000000ece8
 .igot.plt      0x000000002000012c        0x0 /home/crepel/Documents/EPFL/bluetooth_stuff/Link_layer_security/firmware_project/bin/targets/my_blinky_nordic/app/@apache-mynewt-core/hw/bsp/nordic_pca10056/@apache-mynewt-core_hw_bsp_nordic_pca10056.a(gcc_startup_nrf52840.o)

.bssnz          0x000000002000012c        0x0 load address 0x000000000000ece8
                0x000000002000012c                . = ALIGN (0x4)
                0x000000002000012c                __bssnz_start__ = .
 *(.bss.core.nz*)
                0x000000002000012c                . = ALIGN (0x4)
                0x000000002000012c                __bssnz_end__ = .

.bss            0x0000000020000130     0x2154 load address 0x000000000000ece8
                0x0000000020000130                . = ALIGN (0x4)
                0x0000000020000130                __bss_start__ = .
 *(.bss*)
 .bss.g_task1_loops
                0x0000000020000130        0x4 /home/crepel/Documents/EPFL/bluetooth_stuff/Link_layer_security/firmware_project/bin/targets/my_blinky_nordic/app/apps/blinky/apps_blinky.a(main.o)
 *fill*         0x0000000020000134        0x4 
 .bss.g_idle_task_stack
                0x0000000020000138      0x100 /home/crepel/Documents/EPFL/bluetooth_stuff/Link_layer_security/firmware_project/bin/targets/my_blinky_nordic/app/@apache-mynewt-core/kernel/os/@apache-mynewt-core_kernel_os.a(os.o)
 .bss.g_os_main_stack
                0x0000000020000238     0x1000 /home/crepel/Documents/EPFL/bluetooth_stuff/Link_layer_security/firmware_project/bin/targets/my_blinky_nordic/app/@apache-mynewt-core/kernel/os/@apache-mynewt-core_kernel_os.a(os.o)
 .bss.g_os_dev_list
                0x0000000020001238        0x8 /home/crepel/Documents/EPFL/bluetooth_stuff/Link_layer_security/firmware_project/bin/targets/my_blinky_nordic/app/@apache-mynewt-core/kernel/os/@apache-mynewt-core_kernel_os.a(os_dev.o)
 .bss.os_eventq_main
                0x0000000020001240       0x10 /home/crepel/Documents/EPFL/bluetooth_stuff/Link_layer_security/firmware_project/bin/targets/my_blinky_nordic/app/@apache-mynewt-core/kernel/os/@apache-mynewt-core_kernel_os.a(os_eventq.o)
 .bss.os_msys_1_data
                0x0000000020001250      0xdb0 /home/crepel/Documents/EPFL/bluetooth_stuff/Link_layer_security/firmware_project/bin/targets/my_blinky_nordic/app/@apache-mynewt-core/kernel/os/@apache-mynewt-core_kernel_os.a(os_msys.o)
 .bss.os_msys_1_mbuf_pool
                0x0000000020002000        0xc /home/crepel/Documents/EPFL/bluetooth_stuff/Link_layer_security/firmware_project/bin/targets/my_blinky_nordic/app/@apache-mynewt-core/kernel/os/@apache-mynewt-core_kernel_os.a(os_msys.o)
 .bss.os_msys_1_mempool
                0x000000002000200c       0x1c /home/crepel/Documents/EPFL/bluetooth_stuff/Link_layer_security/firmware_project/bin/targets/my_blinky_nordic/app/@apache-mynewt-core/kernel/os/@apache-mynewt-core_kernel_os.a(os_msys.o)
 .bss.g_os_sanity_check_list
                0x0000000020002028        0x4 /home/crepel/Documents/EPFL/bluetooth_stuff/Link_layer_security/firmware_project/bin/targets/my_blinky_nordic/app/@apache-mynewt-core/kernel/os/@apache-mynewt-core_kernel_os.a(os_sanity.o)
                0x0000000020002028                g_os_sanity_check_list
 *fill*         0x000000002000202c        0x4 
 .bss.basetod   0x0000000020002030       0x30 /home/crepel/Documents/EPFL/bluetooth_stuff/Link_layer_security/firmware_project/bin/targets/my_blinky_nordic/app/@apache-mynewt-core/kernel/os/@apache-mynewt-core_kernel_os.a(os_time.o)
 .bss.os_flags  0x0000000020002060        0x4 /home/crepel/Documents/EPFL/bluetooth_stuff/Link_layer_security/firmware_project/bin/targets/my_blinky_nordic/app/@apache-mynewt-core/kernel/os/@apache-mynewt-core_kernel_os.a(os_arch_arm.o)
                0x0000000020002060                os_flags
 .bss.mfg_areas.8234
                0x0000000020002064       0x78 /home/crepel/Documents/EPFL/bluetooth_stuff/Link_layer_security/firmware_project/bin/targets/my_blinky_nordic/app/@apache-mynewt-core/sys/flash_map/@apache-mynewt-core_sys_flash_map.a(flash_map.o)
 .bss.mfg_initialized
                0x00000000200020dc        0x1 /home/crepel/Documents/EPFL/bluetooth_stuff/Link_layer_security/firmware_project/bin/targets/my_blinky_nordic/app/@apache-mynewt-core/sys/mfg/@apache-mynewt-core_sys_mfg.a(mfg.o)
 *fill*         0x00000000200020dd        0x3 
 .bss.mfg_mmrs  0x00000000200020e0       0x18 /home/crepel/Documents/EPFL/bluetooth_stuff/Link_layer_security/firmware_project/bin/targets/my_blinky_nordic/app/@apache-mynewt-core/sys/mfg/@apache-mynewt-core_sys_mfg.a(mfg.o)
 .bss.mfg_num_mmrs
                0x00000000200020f8        0x4 /home/crepel/Documents/EPFL/bluetooth_stuff/Link_layer_security/firmware_project/bin/targets/my_blinky_nordic/app/@apache-mynewt-core/sys/mfg/@apache-mynewt-core_sys_mfg.a(mfg.o)
 .bss.os_bsp_uart0
                0x00000000200020fc       0x3c /home/crepel/Documents/EPFL/bluetooth_stuff/Link_layer_security/firmware_project/bin/targets/my_blinky_nordic/app/@apache-mynewt-core/hw/mcu/nordic/nrf52xxx/@apache-mynewt-core_hw_mcu_nordic_nrf52xxx.a(nrf52_periph.o)
 .bss.uart0     0x0000000020002138       0x1c /home/crepel/Documents/EPFL/bluetooth_stuff/Link_layer_security/firmware_project/bin/targets/my_blinky_nordic/app/@apache-mynewt-core/hw/mcu/nordic/nrf52xxx/@apache-mynewt-core_hw_mcu_nordic_nrf52xxx.a(hal_uart.o)
 .bss.uart1     0x0000000020002154       0x1c /home/crepel/Documents/EPFL/bluetooth_stuff/Link_layer_security/firmware_project/bin/targets/my_blinky_nordic/app/@apache-mynewt-core/hw/mcu/nordic/nrf52xxx/@apache-mynewt-core_hw_mcu_nordic_nrf52xxx.a(hal_uart.o)
 *(COMMON)
 COMMON         0x0000000020002170        0x4 /home/crepel/Documents/EPFL/bluetooth_stuff/Link_layer_security/firmware_project/bin/targets/my_blinky_nordic/app/apps/blinky/apps_blinky.a(main.o)
                0x0000000020002170                g_led_pin
 COMMON         0x0000000020002174       0xa8 /home/crepel/Documents/EPFL/bluetooth_stuff/Link_layer_security/firmware_project/bin/targets/my_blinky_nordic/app/@apache-mynewt-core/kernel/os/@apache-mynewt-core_kernel_os.a(os.o)
                0x0000000020002174                g_idle_task
                0x00000000200021c4                g_os_idle_ctr
                0x00000000200021c8                g_os_started
                0x00000000200021cc                g_os_main_task
 COMMON         0x000000002000221c        0x8 /home/crepel/Documents/EPFL/bluetooth_stuff/Link_layer_security/firmware_project/bin/targets/my_blinky_nordic/app/@apache-mynewt-core/kernel/os/@apache-mynewt-core_kernel_os.a(os_callout.o)
                0x000000002000221c                g_callout_list
 COMMON         0x0000000020002224        0x8 /home/crepel/Documents/EPFL/bluetooth_stuff/Link_layer_security/firmware_project/bin/targets/my_blinky_nordic/app/@apache-mynewt-core/kernel/os/@apache-mynewt-core_kernel_os.a(os_mempool.o)
                0x0000000020002224                g_os_mempool_list
 COMMON         0x000000002000222c        0xc /home/crepel/Documents/EPFL/bluetooth_stuff/Link_layer_security/firmware_project/bin/targets/my_blinky_nordic/app/@apache-mynewt-core/kernel/os/@apache-mynewt-core_kernel_os.a(os_sanity.o)
                0x000000002000222c                g_os_sanity_check_mu
 COMMON         0x0000000020002238        0x8 /home/crepel/Documents/EPFL/bluetooth_stuff/Link_layer_security/firmware_project/bin/targets/my_blinky_nordic/app/@apache-mynewt-core/kernel/os/@apache-mynewt-core_kernel_os.a(os_sched.o)
                0x0000000020002238                g_current_task
                0x000000002000223c                g_os_last_ctx_sw_time
 COMMON         0x0000000020002240        0x9 /home/crepel/Documents/EPFL/bluetooth_stuff/Link_layer_security/firmware_project/bin/targets/my_blinky_nordic/app/@apache-mynewt-core/kernel/os/@apache-mynewt-core_kernel_os.a(os_task.o)
                0x0000000020002240                g_os_task_list
                0x0000000020002248                g_task_id
 *fill*         0x0000000020002249        0x3 
 COMMON         0x000000002000224c        0x4 /home/crepel/Documents/EPFL/bluetooth_stuff/Link_layer_security/firmware_project/bin/targets/my_blinky_nordic/app/@apache-mynewt-core/kernel/os/@apache-mynewt-core_kernel_os.a(os_time.o)
                0x000000002000224c                g_os_time
 COMMON         0x0000000020002250        0x8 /home/crepel/Documents/EPFL/bluetooth_stuff/Link_layer_security/firmware_project/bin/targets/my_blinky_nordic/app/@apache-mynewt-core/sys/flash_map/@apache-mynewt-core_sys_flash_map.a(flash_map.o)
                0x0000000020002250                flash_map
                0x0000000020002254                flash_map_entries
 COMMON         0x0000000020002258        0x1 /home/crepel/Documents/EPFL/bluetooth_stuff/Link_layer_security/firmware_project/bin/targets/my_blinky_nordic/app/@apache-mynewt-core/sys/sysinit/@apache-mynewt-core_sys_sysinit.a(sysinit.o)
                0x0000000020002258                sysinit_active
 *fill*         0x0000000020002259        0x3 
 COMMON         0x000000002000225c        0xc /home/crepel/Documents/EPFL/bluetooth_stuff/Link_layer_security/firmware_project/bin/targets/my_blinky_nordic/app/@apache-mynewt-core/hw/mcu/nordic/nrf52xxx/@apache-mynewt-core_hw_mcu_nordic_nrf52xxx.a(hal_os_tick.o)
                0x000000002000225c                g_hal_os_tick
 COMMON         0x0000000020002268       0x1c /home/crepel/Documents/EPFL/bluetooth_stuff/Link_layer_security/firmware_project/bin/targets/my_blinky_nordic/app/@apache-mynewt-core/hw/mcu/nordic/nrf52xxx/@apache-mynewt-core_hw_mcu_nordic_nrf52xxx.a(hal_timer.o)
                0x0000000020002268                nrf52_hal_timer0
                0x0000000020002284                . = ALIGN (0x4)
                0x0000000020002284                __bss_end__ = .
                0x0000000020002288                . = ALIGN (0x8)
                0x0000000020002288                __HeapBase = .

.stack_dummy    0x0000000020002288      0x1b0 load address 0x000000000000ece8
 *(.stack*)
 .stack         0x0000000020002288      0x1b0 /home/crepel/Documents/EPFL/bluetooth_stuff/Link_layer_security/firmware_project/bin/targets/my_blinky_nordic/app/@apache-mynewt-core/hw/bsp/nordic_pca10056/@apache-mynewt-core_hw_bsp_nordic_pca10056.a(gcc_startup_nrf52840.o)
                0x0000000020000000                _ram_start = ORIGIN (RAM)
                0x0000000020040000                __StackTop = (ORIGIN (RAM) + LENGTH (RAM))
                0x000000002003fe50                __StackLimit = (__StackTop - SIZEOF (.stack_dummy))
                [!provide]                        PROVIDE (__stack = __StackTop)
                0x000000002003fe50                __HeapLimit = __StackLimit
                0x0000000000000001                ASSERT ((__HeapBase <= __HeapLimit), region RAM overflowed with stack)
OUTPUT(/home/crepel/Documents/EPFL/bluetooth_stuff/Link_layer_security/firmware_project/bin/targets/my_blinky_nordic/app/apps/blinky/blinky.elf elf32-littlearm)

.heap           0x0000000000000000        0x0
 .heap          0x0000000000000000        0x0 /home/crepel/Documents/EPFL/bluetooth_stuff/Link_layer_security/firmware_project/bin/targets/my_blinky_nordic/app/@apache-mynewt-core/hw/bsp/nordic_pca10056/@apache-mynewt-core_hw_bsp_nordic_pca10056.a(gcc_startup_nrf52840.o)

.ARM.attributes
                0x0000000000000000       0x2a
 .ARM.attributes
                0x0000000000000000       0x1c /home/crepel/Documents/EPFL/bluetooth_stuff/Link_layer_security/firmware_project/bin/targets/my_blinky_nordic/app/@apache-mynewt-core/hw/bsp/nordic_pca10056/@apache-mynewt-core_hw_bsp_nordic_pca10056.a(gcc_startup_nrf52840.o)
 .ARM.attributes
                0x000000000000001c       0x33 /home/crepel/Documents/EPFL/bluetooth_stuff/Link_layer_security/firmware_project/bin/targets/my_blinky_nordic/app/@apache-mynewt-core/hw/bsp/nordic_pca10056/@apache-mynewt-core_hw_bsp_nordic_pca10056.a(sbrk.o)
 .ARM.attributes
                0x000000000000004f       0x33 /home/crepel/Documents/EPFL/bluetooth_stuff/Link_layer_security/firmware_project/bin/targets/my_blinky_nordic/app/@apache-mynewt-core/hw/mcu/nordic/nrf52xxx/@apache-mynewt-core_hw_mcu_nordic_nrf52xxx.a(hal_system.o)
 .ARM.attributes
                0x0000000000000082       0x33 /home/crepel/Documents/EPFL/bluetooth_stuff/Link_layer_security/firmware_project/bin/targets/my_blinky_nordic/app/@apache-mynewt-core/hw/mcu/nordic/nrf52xxx/@apache-mynewt-core_hw_mcu_nordic_nrf52xxx.a(system_nrf52.o)
 .ARM.attributes
                0x00000000000000b5       0x33 /home/crepel/Documents/EPFL/bluetooth_stuff/Link_layer_security/firmware_project/bin/targets/my_blinky_nordic/app/@apache-mynewt-core/libc/baselibc/@apache-mynewt-core_libc_baselibc.a(start.o)
 .ARM.attributes
                0x00000000000000e8       0x33 /home/crepel/Documents/EPFL/bluetooth_stuff/Link_layer_security/firmware_project/bin/targets/my_blinky_nordic/app/apps/blinky/apps_blinky.a(main.o)
 .ARM.attributes
                0x000000000000011b       0x33 /home/crepel/Documents/EPFL/bluetooth_stuff/Link_layer_security/firmware_project/bin/targets/my_blinky_nordic/generated/bin/my_blinky_nordic-sysinit-app.a(my_blinky_nordic-sysinit-app.o)
 .ARM.attributes
                0x000000000000014e       0x33 /home/crepel/Documents/EPFL/bluetooth_stuff/Link_layer_security/firmware_project/bin/targets/my_blinky_nordic/app/@apache-mynewt-core/hw/cmsis-core/@apache-mynewt-core_hw_cmsis-core.a(cmsis_nvic.o)
 .ARM.attributes
                0x0000000000000181       0x33 /home/crepel/Documents/EPFL/bluetooth_stuff/Link_layer_security/firmware_project/bin/targets/my_blinky_nordic/app/@apache-mynewt-core/hw/mcu/nordic/nrf52xxx/@apache-mynewt-core_hw_mcu_nordic_nrf52xxx.a(hal_gpio.o)
 .ARM.attributes
                0x00000000000001b4       0x33 /home/crepel/Documents/EPFL/bluetooth_stuff/Link_layer_security/firmware_project/bin/targets/my_blinky_nordic/app/@apache-mynewt-core/kernel/os/@apache-mynewt-core_kernel_os.a(os.o)
 .ARM.attributes
                0x00000000000001e7       0x33 /home/crepel/Documents/EPFL/bluetooth_stuff/Link_layer_security/firmware_project/bin/targets/my_blinky_nordic/app/@apache-mynewt-core/kernel/os/@apache-mynewt-core_kernel_os.a(os_callout.o)
 .ARM.attributes
                0x000000000000021a       0x33 /home/crepel/Documents/EPFL/bluetooth_stuff/Link_layer_security/firmware_project/bin/targets/my_blinky_nordic/app/@apache-mynewt-core/kernel/os/@apache-mynewt-core_kernel_os.a(os_dev.o)
 .ARM.attributes
                0x000000000000024d       0x33 /home/crepel/Documents/EPFL/bluetooth_stuff/Link_layer_security/firmware_project/bin/targets/my_blinky_nordic/app/@apache-mynewt-core/kernel/os/@apache-mynewt-core_kernel_os.a(os_eventq.o)
 .ARM.attributes
                0x0000000000000280       0x33 /home/crepel/Documents/EPFL/bluetooth_stuff/Link_layer_security/firmware_project/bin/targets/my_blinky_nordic/app/@apache-mynewt-core/kernel/os/@apache-mynewt-core_kernel_os.a(os_mempool.o)
 .ARM.attributes
                0x00000000000002b3       0x33 /home/crepel/Documents/EPFL/bluetooth_stuff/Link_layer_security/firmware_project/bin/targets/my_blinky_nordic/app/@apache-mynewt-core/kernel/os/@apache-mynewt-core_kernel_os.a(os_msys.o)
 .ARM.attributes
                0x00000000000002e6       0x33 /home/crepel/Documents/EPFL/bluetooth_stuff/Link_layer_security/firmware_project/bin/targets/my_blinky_nordic/app/@apache-mynewt-core/kernel/os/@apache-mynewt-core_kernel_os.a(os_sanity.o)
 .ARM.attributes
                0x0000000000000319       0x33 /home/crepel/Documents/EPFL/bluetooth_stuff/Link_layer_security/firmware_project/bin/targets/my_blinky_nordic/app/@apache-mynewt-core/kernel/os/@apache-mynewt-core_kernel_os.a(os_sched.o)
 .ARM.attributes
                0x000000000000034c       0x33 /home/crepel/Documents/EPFL/bluetooth_stuff/Link_layer_security/firmware_project/bin/targets/my_blinky_nordic/app/@apache-mynewt-core/kernel/os/@apache-mynewt-core_kernel_os.a(os_task.o)
 .ARM.attributes
                0x000000000000037f       0x33 /home/crepel/Documents/EPFL/bluetooth_stuff/Link_layer_security/firmware_project/bin/targets/my_blinky_nordic/app/@apache-mynewt-core/kernel/os/@apache-mynewt-core_kernel_os.a(os_time.o)
 .ARM.attributes
                0x00000000000003b2       0x33 /home/crepel/Documents/EPFL/bluetooth_stuff/Link_layer_security/firmware_project/bin/targets/my_blinky_nordic/app/@apache-mynewt-core/kernel/os/@apache-mynewt-core_kernel_os.a(os_arch_arm.o)
 .ARM.attributes
                0x00000000000003e5       0x33 /home/crepel/Documents/EPFL/bluetooth_stuff/Link_layer_security/firmware_project/bin/targets/my_blinky_nordic/app/@apache-mynewt-core/kernel/os/@apache-mynewt-core_kernel_os.a(os_fault.o)
 .ARM.attributes
                0x0000000000000418       0x33 /home/crepel/Documents/EPFL/bluetooth_stuff/Link_layer_security/firmware_project/bin/targets/my_blinky_nordic/app/@apache-mynewt-core/kernel/os/@apache-mynewt-core_kernel_os.a(os_mbuf.o)
 .ARM.attributes
                0x000000000000044b       0x33 /home/crepel/Documents/EPFL/bluetooth_stuff/Link_layer_security/firmware_project/bin/targets/my_blinky_nordic/app/@apache-mynewt-core/kernel/os/@apache-mynewt-core_kernel_os.a(os_mutex.o)
 .ARM.attributes
                0x000000000000047e       0x21 /home/crepel/Documents/EPFL/bluetooth_stuff/Link_layer_security/firmware_project/bin/targets/my_blinky_nordic/app/@apache-mynewt-core/kernel/os/@apache-mynewt-core_kernel_os.a(HAL_CM4.o)
 .ARM.attributes
                0x000000000000049f       0x33 /home/crepel/Documents/EPFL/bluetooth_stuff/Link_layer_security/firmware_project/bin/targets/my_blinky_nordic/app/@apache-mynewt-core/libc/baselibc/@apache-mynewt-core_libc_baselibc.a(memcpy.o)
 .ARM.attributes
                0x00000000000004d2       0x33 /home/crepel/Documents/EPFL/bluetooth_stuff/Link_layer_security/firmware_project/bin/targets/my_blinky_nordic/app/@apache-mynewt-core/libc/baselibc/@apache-mynewt-core_libc_baselibc.a(memset.o)
 .ARM.attributes
                0x0000000000000505       0x33 /home/crepel/Documents/EPFL/bluetooth_stuff/Link_layer_security/firmware_project/bin/targets/my_blinky_nordic/app/@apache-mynewt-core/libc/baselibc/@apache-mynewt-core_libc_baselibc.a(strlen.o)
 .ARM.attributes
                0x0000000000000538       0x33 /home/crepel/Documents/EPFL/bluetooth_stuff/Link_layer_security/firmware_project/bin/targets/my_blinky_nordic/app/@apache-mynewt-core/sys/flash_map/@apache-mynewt-core_sys_flash_map.a(flash_map.o)
 .ARM.attributes
                0x000000000000056b       0x33 /home/crepel/Documents/EPFL/bluetooth_stuff/Link_layer_security/firmware_project/bin/targets/my_blinky_nordic/app/@apache-mynewt-core/sys/log/modlog/@apache-mynewt-core_sys_log_modlog.a(modlog.o)
 .ARM.attributes
                0x000000000000059e       0x33 /home/crepel/Documents/EPFL/bluetooth_stuff/Link_layer_security/firmware_project/bin/targets/my_blinky_nordic/app/@apache-mynewt-core/sys/mfg/@apache-mynewt-core_sys_mfg.a(mfg.o)
 .ARM.attributes
                0x00000000000005d1       0x33 /home/crepel/Documents/EPFL/bluetooth_stuff/Link_layer_security/firmware_project/bin/targets/my_blinky_nordic/app/@apache-mynewt-core/sys/sysinit/@apache-mynewt-core_sys_sysinit.a(sysinit.o)
 .ARM.attributes
                0x0000000000000604       0x33 /home/crepel/Documents/EPFL/bluetooth_stuff/Link_layer_security/firmware_project/bin/targets/my_blinky_nordic/app/@apache-mynewt-core/util/mem/@apache-mynewt-core_util_mem.a(mem.o)
 .ARM.attributes
                0x0000000000000637       0x33 /home/crepel/Documents/EPFL/bluetooth_stuff/Link_layer_security/firmware_project/bin/targets/my_blinky_nordic/generated/bin/my_blinky_nordic-sysinit-app.a(my_blinky_nordic-sysflash.o)
 .ARM.attributes
                0x000000000000066a       0x33 /home/crepel/Documents/EPFL/bluetooth_stuff/Link_layer_security/firmware_project/bin/targets/my_blinky_nordic/app/@apache-mynewt-core/hw/bsp/nordic_pca10056/@apache-mynewt-core_hw_bsp_nordic_pca10056.a(hal_bsp.o)
 .ARM.attributes
                0x000000000000069d       0x33 /home/crepel/Documents/EPFL/bluetooth_stuff/Link_layer_security/firmware_project/bin/targets/my_blinky_nordic/app/@apache-mynewt-core/hw/hal/@apache-mynewt-core_hw_hal.a(hal_flash.o)
 .ARM.attributes
                0x00000000000006d0       0x33 /home/crepel/Documents/EPFL/bluetooth_stuff/Link_layer_security/firmware_project/bin/targets/my_blinky_nordic/app/@apache-mynewt-core/hw/mcu/nordic/nrf52xxx/@apache-mynewt-core_hw_mcu_nordic_nrf52xxx.a(hal_flash.o)
 .ARM.attributes
                0x0000000000000703       0x33 /home/crepel/Documents/EPFL/bluetooth_stuff/Link_layer_security/firmware_project/bin/targets/my_blinky_nordic/app/@apache-mynewt-core/hw/mcu/nordic/nrf52xxx/@apache-mynewt-core_hw_mcu_nordic_nrf52xxx.a(hal_os_tick.o)
 .ARM.attributes
                0x0000000000000736       0x33 /home/crepel/Documents/EPFL/bluetooth_stuff/Link_layer_security/firmware_project/bin/targets/my_blinky_nordic/app/@apache-mynewt-core/hw/mcu/nordic/nrf52xxx/@apache-mynewt-core_hw_mcu_nordic_nrf52xxx.a(hal_watchdog.o)
 .ARM.attributes
                0x0000000000000769       0x33 /home/crepel/Documents/EPFL/bluetooth_stuff/Link_layer_security/firmware_project/bin/targets/my_blinky_nordic/app/@apache-mynewt-core/hw/mcu/nordic/nrf52xxx/@apache-mynewt-core_hw_mcu_nordic_nrf52xxx.a(nrf52_periph.o)
 .ARM.attributes
                0x000000000000079c       0x33 /home/crepel/Documents/EPFL/bluetooth_stuff/Link_layer_security/firmware_project/bin/targets/my_blinky_nordic/app/@apache-mynewt-core/hw/mcu/nordic/nrf52xxx/@apache-mynewt-core_hw_mcu_nordic_nrf52xxx.a(hal_timer.o)
 .ARM.attributes
                0x00000000000007cf       0x33 /home/crepel/Documents/EPFL/bluetooth_stuff/Link_layer_security/firmware_project/bin/targets/my_blinky_nordic/app/@apache-mynewt-core/kernel/os/@apache-mynewt-core_kernel_os.a(os_cputime.o)
 .ARM.attributes